Component: Arm Compiler for Embedded 6.19 Tool: armlink [5e73cb00]

==============================================================================

Section Cross References

    projetinho_tecladinho.o(.text.handleAnal_Input) refers to dflt_clz.o(x$fpl$dfltu) for __aeabi_ui2d
    projetinho_tecladinho.o(.text.handleAnal_Input) refers to daddsub_clz.o(x$fpl$dadd) for __aeabi_dadd
    projetinho_tecladinho.o(.text.handleAnal_Input) refers to ddiv.o(x$fpl$ddiv) for __aeabi_ddiv
    projetinho_tecladinho.o(.text.handleAnal_Input) refers to projetinho_tecladinho.o(.data.currentFrequencyMultiplier) for currentFrequencyMultiplier
    projetinho_tecladinho.o(.ARM.exidx.text.handleAnal_Input) refers to projetinho_tecladinho.o(.text.handleAnal_Input) for [Anonymous Symbol]
    projetinho_tecladinho.o(.ARM.exidx.text.delay_us) refers to projetinho_tecladinho.o(.text.delay_us) for [Anonymous Symbol]
    projetinho_tecladinho.o(.ARM.exidx.text.delay_ms) refers to projetinho_tecladinho.o(.text.delay_ms) for [Anonymous Symbol]
    projetinho_tecladinho.o(.text.getPSC) refers to projetinho_tecladinho.o(.rodata..L__const.getPSC.notesFirstOctave) for .L__const.getPSC.notesFirstOctave
    projetinho_tecladinho.o(.text.getPSC) refers to rt_memcpy_w.o(.text) for __aeabi_memcpy8
    projetinho_tecladinho.o(.text.getPSC) refers to dflt_clz.o(x$fpl$dflt) for __aeabi_i2d
    projetinho_tecladinho.o(.text.getPSC) refers to dmul.o(x$fpl$dmul) for __aeabi_dmul
    projetinho_tecladinho.o(.text.getPSC) refers to projetinho_tecladinho.o(.data.currentFrequencyMultiplier) for currentFrequencyMultiplier
    projetinho_tecladinho.o(.text.getPSC) refers to system_stm32f10x.o(.data.SystemCoreClock) for SystemCoreClock
    projetinho_tecladinho.o(.text.getPSC) refers to dflt_clz.o(x$fpl$dfltu) for __aeabi_ui2d
    projetinho_tecladinho.o(.text.getPSC) refers to ddiv.o(x$fpl$ddiv) for __aeabi_ddiv
    projetinho_tecladinho.o(.text.getPSC) refers to daddsub_clz.o(x$fpl$dadd) for __aeabi_dadd
    projetinho_tecladinho.o(.ARM.exidx.text.getPSC) refers to projetinho_tecladinho.o(.text.getPSC) for [Anonymous Symbol]
    projetinho_tecladinho.o(.text.play) refers to projetinho_tecladinho.o(.text.handleAnal_Input) for handleAnal_Input
    projetinho_tecladinho.o(.text.play) refers to projetinho_tecladinho.o(.text.getPSC) for getPSC
    projetinho_tecladinho.o(.text.play) refers to dfix.o(x$fpl$dfix) for __aeabi_d2iz
    projetinho_tecladinho.o(.text.play) refers to projetinho_tecladinho.o(.data.currentCycle) for currentCycle
    projetinho_tecladinho.o(.text.play) refers to projetinho_tecladinho.o(.text.delay_ms) for delay_ms
    projetinho_tecladinho.o(.ARM.exidx.text.play) refers to projetinho_tecladinho.o(.text.play) for [Anonymous Symbol]
    projetinho_tecladinho.o(.text.playStarWars) refers to projetinho_tecladinho.o(.data.currentOctave) for currentOctave
    projetinho_tecladinho.o(.text.playStarWars) refers to projetinho_tecladinho.o(.text.play) for play
    projetinho_tecladinho.o(.ARM.exidx.text.playStarWars) refers to projetinho_tecladinho.o(.text.playStarWars) for [Anonymous Symbol]
    projetinho_tecladinho.o(.text.playRickAstley) refers to projetinho_tecladinho.o(.data.currentOctave) for currentOctave
    projetinho_tecladinho.o(.text.playRickAstley) refers to projetinho_tecladinho.o(.text.play) for play
    projetinho_tecladinho.o(.text.playRickAstley) refers to projetinho_tecladinho.o(.text.delay_ms) for delay_ms
    projetinho_tecladinho.o(.ARM.exidx.text.playRickAstley) refers to projetinho_tecladinho.o(.text.playRickAstley) for [Anonymous Symbol]
    projetinho_tecladinho.o(.text.playIndianaJones) refers to projetinho_tecladinho.o(.data.currentOctave) for currentOctave
    projetinho_tecladinho.o(.text.playIndianaJones) refers to projetinho_tecladinho.o(.text.play) for play
    projetinho_tecladinho.o(.text.playIndianaJones) refers to projetinho_tecladinho.o(.text.delay_ms) for delay_ms
    projetinho_tecladinho.o(.ARM.exidx.text.playIndianaJones) refers to projetinho_tecladinho.o(.text.playIndianaJones) for [Anonymous Symbol]
    projetinho_tecladinho.o(.text.playJojo) refers to projetinho_tecladinho.o(.data.currentOctave) for currentOctave
    projetinho_tecladinho.o(.text.playJojo) refers to projetinho_tecladinho.o(.text.play) for play
    projetinho_tecladinho.o(.text.playJojo) refers to projetinho_tecladinho.o(.text.delay_ms) for delay_ms
    projetinho_tecladinho.o(.ARM.exidx.text.playJojo) refers to projetinho_tecladinho.o(.text.playJojo) for [Anonymous Symbol]
    projetinho_tecladinho.o(.text.lcd_putValue) refers to projetinho_tecladinho.o(.text.delay_ms) for delay_ms
    projetinho_tecladinho.o(.ARM.exidx.text.lcd_putValue) refers to projetinho_tecladinho.o(.text.lcd_putValue) for [Anonymous Symbol]
    projetinho_tecladinho.o(.text.lcd_command) refers to projetinho_tecladinho.o(.text.lcd_putValue) for lcd_putValue
[...]
    ../clib/memcpset.s                       0x00000000   Number         0  strcmpv7m.o ABSOLUTE
    ../clib/misc.s                           0x00000000   Number         0  printf_stubs.o ABSOLUTE
    ../clib/printf.c                         0x00000000   Number         0  sprintf.o ABSOLUTE
    ../clib/printf.c                         0x00000000   Number         0  __printf.o ABSOLUTE
    ../clib/printf.c                         0x00000000   Number         0  _printf_pad.o ABSOLUTE
    ../clib/printf.c                         0x00000000   Number         0  _printf_truncate.o ABSOLUTE
    ../clib/printf.c                         0x00000000   Number         0  _printf_str.o ABSOLUTE
    ../clib/printf.c                         0x00000000   Number         0  _printf_dec.o ABSOLUTE
    ../clib/printf.c                         0x00000000   Number         0  _printf_charcount.o ABSOLUTE
    ../clib/printf.c                         0x00000000   Number         0  _printf_char_common.o ABSOLUTE
    ../clib/printf.c                         0x00000000   Number         0  _sputc.o ABSOLUTE
    ../clib/printf.c                         0x00000000   Number         0  _printf_wctomb.o ABSOLUTE
    ../clib/printf.c                         0x00000000   Number         0  _printf_longlong_dec.o ABSOLUTE
    ../clib/printf.c                         0x00000000   Number         0  _printf_oct_ll.o ABSOLUTE
    ../clib/printf.c                         0x00000000   Number         0  _printf_oct_int.o ABSOLUTE
    ../clib/printf.c                         0x00000000   Number         0  _printf_oct_int_ll.o ABSOLUTE
    ../clib/printf.c                         0x00000000   Number         0  _printf_hex_ll.o ABSOLUTE
    ../clib/printf.c                         0x00000000   Number         0  _printf_hex_int.o ABSOLUTE
    ../clib/printf.c                         0x00000000   Number         0  _printf_hex_int_ll.o ABSOLUTE
    ../clib/printf.c                         0x00000000   Number         0  _printf_hex_ptr.o ABSOLUTE
    ../clib/printf.c                         0x00000000   Number         0  _printf_hex_int_ptr.o ABSOLUTE
    ../clib/printf.c                         0x00000000   Number         0  _printf_hex_ll_ptr.o ABSOLUTE
    ../clib/printf.c                         0x00000000   Number         0  _printf_hex_int_ll_ptr.o ABSOLUTE
    ../clib/printf.c                         0x00000000   Number         0  __printf_flags.o ABSOLUTE
    ../clib/printf.c                         0x00000000   Number         0  __printf_ss.o ABSOLUTE
    ../clib/printf.c                         0x00000000   Number         0  __printf_flags_ss.o ABSOLUTE
    ../clib/printf.c                         0x00000000   Number         0  __printf_wp.o ABSOLUTE
    ../clib/printf.c                         0x00000000   Number         0  __printf_flags_wp.o ABSOLUTE
    ../clib/printf.c                         0x00000000   Number         0  __printf_ss_wp.o ABSOLUTE
    ../clib/printf.c                         0x00000000   Number         0  __printf_flags_ss_wp.o ABSOLUTE
    ../clib/printf.c                         0x00000000   Number         0  _printf_intcommon.o ABSOLUTE
    ../clib/printf.c                         0x00000000   Number         0  _printf_fp_dec.o ABSOLUTE
    ../clib/printf.c                         0x00000000   Number         0  _printf_fp_dec_accurate.o ABSOLUTE
    ../clib/printf.c                         0x00000000   Number         0  _printf_fp_hex.o ABSOLUTE
    ../clib/printf.c                         0x00000000   Number         0  __printf_nopercent.o ABSOLUTE
    ../clib/printf.c                         0x00000000   Number         0  _printf_char.o ABSOLUTE
    ../clib/printf.c                         0x00000000   Number         0  _printf_wchar.o ABSOLUTE
    ../clib/printf.c                         0x00000000   Number         0  _printf_fp_infnan.o ABSOLUTE
    ../clib/printf_percent.s                 0x00000000   Number         0  _printf_c.o ABSOLUTE
    ../clib/printf_percent.s                 0x00000000   Number         0  _printf_s.o ABSOLUTE
    ../clib/printf_percent.s                 0x00000000   Number         0  _printf_n.o ABSOLUTE
    ../clib/printf_percent.s                 0x00000000   Number         0  _printf_x.o ABSOLUTE
    ../clib/printf_percent.s                 0x00000000   Number         0  _printf_p.o ABSOLUTE
    ../clib/printf_percent.s                 0x00000000   Number         0  _printf_o.o ABSOLUTE
    ../clib/printf_percent.s                 0x00000000   Number         0  _printf_i.o ABSOLUTE
    ../clib/printf_percent.s                 0x00000000   Number         0  _printf_d.o ABSOLUTE
    ../clib/printf_percent.s                 0x00000000   Number         0  _printf_u.o ABSOLUTE
    ../clib/printf_percent.s                 0x00000000   Number         0  _printf_f.o ABSOLUTE
    ../clib/printf_percent.s                 0x00000000   Number         0  _printf_e.o ABSOLUTE
    ../clib/printf_percent.s                 0x00000000   Number         0  _printf_g.o ABSOLUTE
    ../clib/printf_percent.s                 0x00000000   Number         0  _printf_a.o ABSOLUTE
    ../clib/printf_percent.s                 0x00000000   Number         0  _printf_percent.o ABSOLUTE
    ../clib/printf_percent.s                 0x00000000   Number         0  _printf_lli.o ABSOLUTE
    ../clib/printf_percent.s                 0x00000000   Number         0  _printf_lld.o ABSOLUTE
    ../clib/printf_percent.s                 0x00000000   Number         0  _printf_llu.o ABSOLUTE
    ../clib/printf_percent.s                 0x00000000   Number         0  _printf_ll.o ABSOLUTE
    ../clib/printf_percent.s                 0x00000000   Number         0  _printf_l.o ABSOLUTE
    ../clib/printf_percent.s                 0x00000000   Number         0  _printf_lc.o ABSOLUTE
    ../clib/printf_percent.s                 0x00000000   Number         0  _printf_ls.o ABSOLUTE
    ../clib/printf_percent.s                 0x00000000   Number         0  _printf_llo.o ABSOLUTE
    ../clib/printf_percent.s                 0x00000000   Number         0  _printf_llx.o ABSOLUTE
    ../clib/printf_percent.s                 0x00000000   Number         0  _printf_percent_end.o ABSOLUTE
    ../clib/signal.c                         0x00000000   Number         0  defsig_rtmem_outer.o ABSOLUTE
    ../clib/signal.c                         0x00000000   Number         0  defsig_rtmem_formal.o ABSOLUTE
    ../clib/signal.c                         0x00000000   Number         0  defsig_exit.o ABSOLUTE
    ../clib/signal.c                         0x00000000   Number         0  defsig_rtmem_inner.o ABSOLUTE
    ../clib/signal.c                         0x00000000   Number         0  __raise.o ABSOLUTE
    ../clib/signal.c                         0x00000000   Number         0  defsig_general.o ABSOLUTE
    ../clib/signal.c                         0x00000000   Number         0  defsig_abrt_inner.o ABSOLUTE
    ../clib/signal.c                         0x00000000   Number         0  defsig_fpe_inner.o ABSOLUTE
    ../clib/signal.c                         0x00000000   Number         0  defsig_rtred_inner.o ABSOLUTE
    ../clib/signal.c                         0x00000000   Number         0  defsig_stak_inner.o ABSOLUTE
    ../clib/signal.c                         0x00000000   Number         0  defsig_pvfn_inner.o ABSOLUTE
    ../clib/signal.c                         0x00000000   Number         0  defsig_cppl_inner.o ABSOLUTE
    ../clib/signal.c                         0x00000000   Number         0  defsig_segv_inner.o ABSOLUTE
    ../clib/signal.c                         0x00000000   Number         0  defsig_other.o ABSOLUTE
    ../clib/signal.s                         0x00000000   Number         0  defsig.o ABSOLUTE
    ../clib/stdlib.c                         0x00000000   Number         0  exit.o ABSOLUTE
    ../fplib/daddsub.s                       0x00000000   Number         0  daddsub_clz.o ABSOLUTE
    ../fplib/ddiv.s                          0x00000000   Number         0  ddiv.o ABSOLUTE
    ../fplib/dfix.s                          0x00000000   Number         0  dfix.o ABSOLUTE
    ../fplib/dflt.s                          0x00000000   Number         0  dflt_clz.o ABSOLUTE
    ../fplib/dmul.s                          0x00000000   Number         0  dmul.o ABSOLUTE
    ../fplib/dnaninf.s                       0x00000000   Number         0  dnaninf.o ABSOLUTE
    ../fplib/dretinf.s                       0x00000000   Number         0  dretinf.o ABSOLUTE
    ../fplib/fpinit.s                        0x00000000   Number         0  fpinit.o ABSOLUTE
    ../fplib/fpinit_empty.s                  0x00000000   Number         0  fpinit_empty.o ABSOLUTE
    ../fplib/istatus.s                       0x00000000   Number         0  istatus.o ABSOLUTE
    ../fplib/printf1.s                       0x00000000   Number         0  printf1.o ABSOLUTE
    ../fplib/printf2.s                       0x00000000   Number         0  printf2.o ABSOLUTE
    ../fplib/printf2a.s                      0x00000000   Number         0  printf2a.o ABSOLUTE
    ../fplib/printf2b.s                      0x00000000   Number         0  printf2b.o ABSOLUTE
    ../fplib/usenofp.s                       0x00000000   Number         0  usenofp.o ABSOLUTE
    ../mathlib/fpclassify.c                  0x00000000   Number         0  fpclassify.o ABSOLUTE
    GPIO_STM32F10x.c                         0x00000000   Number         0  gpio_stm32f10x.o ABSOLUTE
    RTE/Device/STM32F103C8/startup_stm32f10x_md.s 0x00000000   Number         0  startup_stm32f10x_md.o ABSOLUTE
    dc.s                                     0x00000000   Number         0  dc.o ABSOLUTE
    projetinho_tecladinho.c                  0x00000000   Number         0  projetinho_tecladinho.o ABSOLUTE
    system_stm32f10x.c                       0x00000000   Number         0  system_stm32f10x.o ABSOLUTE
    RESET                                    0x08000000   Section      236  startup_stm32f10x_md.o(RESET)
    !!!main                                  0x080000ec   Section        8  __main.o(!!!main)
    !!!scatter                               0x080000f4   Section       52  __scatter.o(!!!scatter)
    !!handler_copy                           0x08000128   Section       26  __scatter_copy.o(!!handler_copy)
    !!handler_zi                             0x08000144   Section       28  __scatter_zi.o(!!handler_zi)
    .ARM.Collect$$_printf_percent$$00000000  0x08000160   Section        0  _printf_percent.o(.ARM.Collect$$_printf_percent$$00000000)
    .ARM.Collect$$_printf_percent$$00000001  0x08000160   Section        6  _printf_n.o(.ARM.Collect$$_printf_percent$$00000001)
    .ARM.Collect$$_printf_percent$$00000002  0x08000166   Section        6  _printf_p.o(.ARM.Collect$$_printf_percent$$00000002)
    .ARM.Collect$$_printf_percent$$00000003  0x0800016c   Section        6  _printf_f.o(.ARM.Collect$$_printf_percent$$00000003)
    .ARM.Collect$$_printf_percent$$00000004  0x08000172   Section        6  _printf_e.o(.ARM.Collect$$_printf_percent$$00000004)
    .ARM.Collect$$_printf_percent$$00000005  0x08000178   Section        6  _printf_g.o(.ARM.Collect$$_printf_percent$$00000005)
    .ARM.Collect$$_printf_percent$$00000006  0x0800017e   Section        6  _printf_a.o(.ARM.Collect$$_printf_percent$$00000006)
    .ARM.Collect$$_printf_percent$$00000007  0x08000184   Section       10  _printf_ll.o(.ARM.Collect$$_printf_percent$$00000007)
    .ARM.Collect$$_printf_percent$$00000008  0x0800018e   Section        6  _printf_i.o(.ARM.Collect$$_printf_percent$$00000008)
    .ARM.Collect$$_printf_percent$$00000009  0x08000194   Section        6  _printf_d.o(.ARM.Collect$$_printf_percent$$00000009)
    .ARM.Collect$$_printf_percent$$0000000A  0x0800019a   Section        6  _printf_u.o(.ARM.Collect$$_printf_percent$$0000000A)
    .ARM.Collect$$_printf_percent$$0000000B  0x080001a0   Section        6  _printf_o.o(.ARM.Collect$$_printf_percent$$0000000B)
    .ARM.Collect$$_printf_percent$$0000000C  0x080001a6   Section        6  _printf_x.o(.ARM.Collect$$_printf_percent$$0000000C)
    .ARM.Collect$$_printf_percent$$0000000D  0x080001ac   Section        6  _printf_lli.o(.ARM.Collect$$_printf_percent$$0000000D)
    .ARM.Collect$$_printf_percent$$0000000E  0x080001b2   Section        6  _printf_lld.o(.ARM.Collect$$_printf_percent$$0000000E)
    .ARM.Collect$$_printf_percent$$0000000F  0x080001b8   Section        6  _printf_llu.o(.ARM.Collect$$_printf_percent$$0000000F)
    .ARM.Collect$$_printf_percent$$00000010  0x080001be   Section        6  _printf_llo.o(.ARM.Collect$$_printf_percent$$00000010)
    .ARM.Collect$$_printf_percent$$00000011  0x080001c4   Section        6  _printf_llx.o(.ARM.Collect$$_printf_percent$$00000011)
    .ARM.Collect$$_printf_percent$$00000012  0x080001ca   Section       10  _printf_l.o(.ARM.Collect$$_printf_percent$$00000012)
    .ARM.Collect$$_printf_percent$$00000013  0x080001d4   Section        6  _printf_c.o(.ARM.Collect$$_printf_percent$$00000013)
    .ARM.Collect$$_printf_percent$$00000014  0x080001da   Section        6  _printf_s.o(.ARM.Collect$$_printf_percent$$00000014)
    .ARM.Collect$$_printf_percent$$00000015  0x080001e0   Section        6  _printf_lc.o(.ARM.Collect$$_printf_percent$$00000015)
    .ARM.Collect$$_printf_percent$$00000016  0x080001e6   Section        6  _printf_ls.o(.ARM.Collect$$_printf_percent$$00000016)
    .ARM.Collect$$_printf_percent$$00000017  0x080001ec   Section        4  _printf_percent_end.o(.ARM.Collect$$_printf_percent$$00000017)
    .ARM.Collect$$libinit$$00000000          0x080001f0   Section        2  libinit.o(.ARM.Collect$$libinit$$00000000)
    .ARM.Collect$$libinit$$00000002          0x080001f2   Section        0  libinit2.o(.ARM.Collect$$libinit$$00000002)
    .ARM.Collect$$libinit$$00000004          0x080001f2   Section        0  libinit2.o(.ARM.Collect$$libinit$$00000004)
    .ARM.Collect$$libinit$$00000006          0x080001f2   Section        0  libinit2.o(.ARM.Collect$$libinit$$00000006)
    .ARM.Collect$$libinit$$0000000C          0x080001f2   Section        0  libinit2.o(.ARM.Collect$$libinit$$0000000C)
    .ARM.Collect$$libinit$$0000000E          0x080001f2   Section        0  libinit2.o(.ARM.Collect$$libinit$$0000000E)
    .ARM.Collect$$libinit$$00000010          0x080001f2   Section        0  libinit2.o(.ARM.Collect$$libinit$$00000010)
    .ARM.Collect$$libinit$$00000011          0x080001f2   Section        6  libinit2.o(.ARM.Collect$$libinit$$00000011)
    .ARM.Collect$$libinit$$00000013          0x080001f8   Section        0  libinit2.o(.ARM.Collect$$libinit$$00000013)
    .ARM.Collect$$libinit$$00000014          0x080001f8   Section       12  libinit2.o(.ARM.Collect$$libinit$$00000014)
    .ARM.Collect$$libinit$$00000015          0x08000204   Section        0  libinit2.o(.ARM.Collect$$libinit$$00000015)
    .ARM.Collect$$libinit$$00000017          0x08000204   Section        0  libinit2.o(.ARM.Collect$$libinit$$00000017)
    .ARM.Collect$$libinit$$00000018          0x08000204   Section       10  libinit2.o(.ARM.Collect$$libinit$$00000018)
    .ARM.Collect$$libinit$$00000019          0x0800020e   Section        0  libinit2.o(.ARM.Collect$$libinit$$00000019)
    .ARM.Collect$$libinit$$0000001B          0x0800020e   Section        0  libinit2.o(.ARM.Collect$$libinit$$0000001B)
    .ARM.Collect$$libinit$$0000001D          0x0800020e   Section        0  libinit2.o(.ARM.Collect$$libinit$$0000001D)
    .ARM.Collect$$libinit$$0000001F          0x0800020e   Section        0  libinit2.o(.ARM.Collect$$libinit$$0000001F)
    .ARM.Collect$$libinit$$00000021          0x0800020e   Section        0  libinit2.o(.ARM.Collect$$libinit$$00000021)
    .ARM.Collect$$libinit$$00000023          0x0800020e   Section        0  libinit2.o(.ARM.Collect$$libinit$$00000023)
    .ARM.Collect$$libinit$$00000025          0x0800020e   Section        0  libinit2.o(.ARM.Collect$$libinit$$00000025)
    .ARM.Collect$$libinit$$00000027          0x0800020e   Section        0  libinit2.o(.ARM.Collect$$libinit$$00000027)
    .ARM.Collect$$libinit$$0000002E          0x0800020e   Section        0  libinit2.o(.ARM.Collect$$libinit$$0000002E)
    .ARM.Collect$$libinit$$00000030          0x0800020e   Section        0  libinit2.o(.ARM.Collect$$libinit$$00000030)
    .ARM.Collect$$libinit$$00000032          0x0800020e   Section        0  libinit2.o(.ARM.Collect$$libinit$$00000032)
    .ARM.Collect$$libinit$$00000034          0x0800020e   Section        0  libinit2.o(.ARM.Collect$$libinit$$00000034)
    .ARM.Collect$$libinit$$00000035          0x0800020e   Section        2  libinit2.o(.ARM.Collect$$libinit$$00000035)
    .ARM.Collect$$libshutdown$$00000000      0x08000210   Section        2  libshutdown.o(.ARM.Collect$$libshutdown$$00000000)
    .ARM.Collect$$libshutdown$$00000002      0x08000212   Section        0  libshutdown2.o(.ARM.Collect$$libshutdown$$00000002)
    .ARM.Collect$$libshutdown$$00000004      0x08000212   Section        0  libshutdown2.o(.ARM.Collect$$libshutdown$$00000004)
    .ARM.Collect$$libshutdown$$00000007      0x08000212   Section        0  libshutdown2.o(.ARM.Collect$$libshutdown$$00000007)
    .ARM.Collect$$libshutdown$$0000000A      0x08000212   Section        0  libshutdown2.o(.ARM.Collect$$libshutdown$$0000000A)
    .ARM.Collect$$libshutdown$$0000000C      0x08000212   Section        0  libshutdown2.o(.ARM.Collect$$libshutdown$$0000000C)
    .ARM.Collect$$libshutdown$$0000000F      0x08000212   Section        0  libshutdown2.o(.ARM.Collect$$libshutdown$$0000000F)
    .ARM.Collect$$libshutdown$$00000010      0x08000212   Section        2  libshutdown2.o(.ARM.Collect$$libshutdown$$00000010)
    .ARM.Collect$$rtentry$$00000000          0x08000214   Section        0  __rtentry.o(.ARM.Collect$$rtentry$$00000000)
    .ARM.Collect$$rtentry$$00000002          0x08000214   Section        0  __rtentry2.o(.ARM.Collect$$rtentry$$00000002)
    .ARM.Collect$$rtentry$$00000004          0x08000214   Section        6  __rtentry4.o(.ARM.Collect$$rtentry$$00000004)
    .ARM.Collect$$rtentry$$00000009          0x0800021a   Section        0  __rtentry2.o(.ARM.Collect$$rtentry$$00000009)
    .ARM.Collect$$rtentry$$0000000A          0x0800021a   Section        4  __rtentry2.o(.ARM.Collect$$rtentry$$0000000A)
    .ARM.Collect$$rtentry$$0000000C          0x0800021e   Section        0  __rtentry2.o(.ARM.Collect$$rtentry$$0000000C)
    .ARM.Collect$$rtentry$$0000000D          0x0800021e   Section        8  __rtentry2.o(.ARM.Collect$$rtentry$$0000000D)
    .ARM.Collect$$rtexit$$00000000           0x08000226   Section        2  rtexit.o(.ARM.Collect$$rtexit$$00000000)
    .ARM.Collect$$rtexit$$00000002           0x08000228   Section        0  rtexit2.o(.ARM.Collect$$rtexit$$00000002)
    .ARM.Collect$$rtexit$$00000003           0x08000228   Section        4  rtexit2.o(.ARM.Collect$$rtexit$$00000003)
    .ARM.Collect$$rtexit$$00000004           0x0800022c   Section        6  rtexit2.o(.ARM.Collect$$rtexit$$00000004)
    .text                                    0x08000234   Section       64  startup_stm32f10x_md.o(.text)
    .text                                    0x08000274   Section        0  sprintf.o(.text)
    .text                                    0x080002a0   Section      100  rt_memcpy_w.o(.text)
    .text                                    0x08000304   Section        0  heapauxi.o(.text)
    .text                                    0x0800030a   Section        0  _printf_pad.o(.text)
    .text                                    0x08000358   Section        0  _printf_truncate.o(.text)
    .text                                    0x0800037c   Section        0  _printf_str.o(.text)
    .text                                    0x080003d0   Section        0  _printf_dec.o(.text)
    .text                                    0x08000448   Section        0  _printf_charcount.o(.text)
    _printf_input_char                       0x08000471   Thumb Code    10  _printf_char_common.o(.text)
    .text                                    0x08000470   Section        0  _printf_char_common.o(.text)
    .text                                    0x080004a0   Section        0  _sputc.o(.text)
    .text                                    0x080004ac   Section        0  _printf_wctomb.o(.text)
    .text                                    0x08000568   Section        0  _printf_longlong_dec.o(.text)
    _printf_longlong_oct_internal            0x080005e5   Thumb Code     0  _printf_oct_int_ll.o(.text)
    .text                                    0x080005e4   Section        0  _printf_oct_int_ll.o(.text)
    _printf_hex_common                       0x08000655   Thumb Code     0  _printf_hex_int_ll_ptr.o(.text)
    .text                                    0x08000654   Section        0  _printf_hex_int_ll_ptr.o(.text)
    .text                                    0x080006e8   Section        0  __printf_flags_ss_wp.o(.text)
    .text                                    0x08000870   Section      138  lludiv10.o(.text)
    .text                                    0x080008fa   Section        0  _printf_intcommon.o(.text)
    _fp_digits                               0x080009ad   Thumb Code   432  _printf_fp_dec.o(.text)
    .text                                    0x080009ac   Section        0  _printf_fp_dec.o(.text)
    .text                                    0x08000dc8   Section        0  _printf_fp_hex.o(.text)
    .text                                    0x080010c4   Section        0  _printf_char.o(.text)
    .text                                    0x080010f0   Section        0  _printf_wchar.o(.text)
    .text                                    0x0800111c   Section        0  _c16rtomb.o(.text)
    .text                                    0x08001164   Section       74  sys_stackheap_outer.o(.text)
    .text                                    0x080011b0   Section       16  rt_ctype_table.o(.text)
    .text                                    0x080011c0   Section        8  rt_locale_intlibspace.o(.text)
    .text                                    0x080011c8   Section        0  _printf_fp_infnan.o(.text)
    .text                                    0x08001248   Section        0  bigflt0.o(.text)
    .text                                    0x0800132c   Section        0  exit.o(.text)
    .text                                    0x08001340   Section        8  libspace.o(.text)
    .text                                    0x08001348   Section      128  strcmpv7m.o(.text)
    .text                                    0x080013c8   Section        0  sys_exit.o(.text)
    .text                                    0x080013d4   Section        2  use_no_semi.o(.text)
    .text                                    0x080013d6   Section        0  indicate_semi.o(.text)
    SetSysClock                              0x080013d9   Thumb Code     8  system_stm32f10x.o(.text.SetSysClock)
    [Anonymous Symbol]                       0x080013d8   Section        0  system_stm32f10x.o(.text.SetSysClock)
    SetSysClockTo72                          0x080013e1   Thumb Code   290  system_stm32f10x.o(.text.SetSysClockTo72)
    [Anonymous Symbol]                       0x080013e0   Section        0  system_stm32f10x.o(.text.SetSysClockTo72)
    [Anonymous Symbol]                       0x08001504   Section        0  system_stm32f10x.o(.text.SystemInit)
    [Anonymous Symbol]                       0x0800156c   Section        0  projetinho_tecladinho.o(.text.clearOutput)
    [Anonymous Symbol]                       0x08001590   Section        0  projetinho_tecladinho.o(.text.delay_ms)
    [Anonymous Symbol]                       0x080015dc   Section        0  projetinho_tecladinho.o(.text.delay_us)
    [Anonymous Symbol]                       0x08001624   Section        0  projetinho_tecladinho.o(.text.getPSC)
    [Anonymous Symbol]                       0x080016d0   Section        0  projetinho_tecladinho.o(.text.handleAnal_Input)
    [Anonymous Symbol]                       0x08001738   Section        0  projetinho_tecladinho.o(.text.handleGPIO_A)
    [Anonymous Symbol]                       0x080017b0   Section        0  projetinho_tecladinho.o(.text.handleGPIO_B)
    [Anonymous Symbol]                       0x08001a20   Section        0  projetinho_tecladinho.o(.text.handleGPIO_C)
    [Anonymous Symbol]                       0x08001a94   Section        0  projetinho_tecladinho.o(.text.initializeADC)
    [Anonymous Symbol]                       0x08001ac8   Section        0  projetinho_tecladinho.o(.text.initializeGPIOs)
    [Anonymous Symbol]                       0x08001b30   Section        0  projetinho_tecladinho.o(.text.initializePWM)
    [Anonymous Symbol]                       0x08001b84   Section        0  projetinho_tecladinho.o(.text.lcd_command)
    [Anonymous Symbol]                       0x08001ba8   Section        0  projetinho_tecladinho.o(.text.lcd_data)
    [Anonymous Symbol]                       0x08001bcc   Section        0  projetinho_tecladinho.o(.text.lcd_init)
    [Anonymous Symbol]                       0x08001c3c   Section        0  projetinho_tecladinho.o(.text.lcd_print)
    [Anonymous Symbol]                       0x08001c74   Section        0  projetinho_tecladinho.o(.text.lcd_putValue)
    [Anonymous Symbol]                       0x08001d70   Section        0  projetinho_tecladinho.o(.text.main)
    [Anonymous Symbol]                       0x08001de4   Section        0  projetinho_tecladinho.o(.text.play)
    [Anonymous Symbol]                       0x08001e5c   Section        0  projetinho_tecladinho.o(.text.playIndianaJones)
    [Anonymous Symbol]                       0x08001f68   Section        0  projetinho_tecladinho.o(.text.playJojo)
    [Anonymous Symbol]                       0x080020c4   Section        0  projetinho_tecladinho.o(.text.playRickAstley)
    [Anonymous Symbol]                       0x08002270   Section        0  projetinho_tecladinho.o(.text.playStarWars)
    [Anonymous Symbol]                       0x08002358   Section        0  projetinho_tecladinho.o(.text.printHUD)
    CL$$btod_d2e                             0x080023ba   Section       62  btod.o(CL$$btod_d2e)
    CL$$btod_d2e_denorm_low                  0x080023f8   Section       70  btod.o(CL$$btod_d2e_denorm_low)
    CL$$btod_d2e_norm_op1                    0x0800243e   Section       96  btod.o(CL$$btod_d2e_norm_op1)
    CL$$btod_div_common                      0x080024a0   Section      824  btod.o(CL$$btod_div_common)
    CL$$btod_e2e                             0x080027d8   Section      220  btod.o(CL$$btod_e2e)
    CL$$btod_ediv                            0x080028b4   Section       42  btod.o(CL$$btod_ediv)
    CL$$btod_emul                            0x080028de   Section       42  btod.o(CL$$btod_emul)
    CL$$btod_mult_common                     0x08002908   Section      580  btod.o(CL$$btod_mult_common)
    i.__ARM_fpclassify                       0x08002b4c   Section        0  fpclassify.o(i.__ARM_fpclassify)
    i._is_digit                              0x08002b74   Section        0  __printf_wp.o(i._is_digit)
    locale$$code                             0x08002b84   Section       44  lc_numeric_c.o(locale$$code)
    locale$$code                             0x08002bb0   Section       44  lc_ctype_c.o(locale$$code)
    x$fpl$dadd                               0x08002bdc   Section      336  daddsub_clz.o(x$fpl$dadd)
    _dadd1                                   0x08002bed   Thumb Code     0  daddsub_clz.o(x$fpl$dadd)
    x$fpl$ddiv                               0x08002d2c   Section      692  ddiv.o(x$fpl$ddiv)
    ddiv_entry                               0x08002d33   Thumb Code     0  ddiv.o(x$fpl$ddiv)
    x$fpl$dfix                               0x08002fe0   Section       94  dfix.o(x$fpl$dfix)
    x$fpl$dflt                               0x0800303e   Section       46  dflt_clz.o(x$fpl$dflt)
    x$fpl$dfltu                              0x0800306c   Section       38  dflt_clz.o(x$fpl$dfltu)
    x$fpl$dmul                               0x08003094   Section      340  dmul.o(x$fpl$dmul)
    x$fpl$dnaninf                            0x080031e8   Section      156  dnaninf.o(x$fpl$dnaninf)
    x$fpl$dretinf                            0x08003284   Section       12  dretinf.o(x$fpl$dretinf)
    x$fpl$dsub                               0x08003290   Section      476  daddsub_clz.o(x$fpl$dsub)
    _dsub1                                   0x080032a1   Thumb Code     0  daddsub_clz.o(x$fpl$dsub)
    x$fpl$printf1                            0x0800346c   Section        4  printf1.o(x$fpl$printf1)
    x$fpl$printf2                            0x08003470   Section        4  printf2.o(x$fpl$printf2)
    initial_mbstate                          0x08003474   Data           8  _printf_wctomb.o(.constdata)
    .constdata                               0x08003474   Section        8  _printf_wctomb.o(.constdata)
    x$fpl$usenofp                            0x08003474   Section        0  usenofp.o(x$fpl$usenofp)
    uc_hextab                                0x0800347c   Data          20  _printf_hex_int_ll_ptr.o(.constdata)
    .constdata                               0x0800347c   Section       40  _printf_hex_int_ll_ptr.o(.constdata)
    lc_hextab                                0x08003490   Data          20  _printf_hex_int_ll_ptr.o(.constdata)
    maptable                                 0x080034a4   Data          17  __printf_flags_ss_wp.o(.constdata)
    .constdata                               0x080034a4   Section       17  __printf_flags_ss_wp.o(.constdata)
    lc_hextab                                0x080034b5   Data          19  _printf_fp_hex.o(.constdata)
    .constdata                               0x080034b5   Section       38  _printf_fp_hex.o(.constdata)
    uc_hextab                                0x080034c8   Data          19  _printf_fp_hex.o(.constdata)
    tenpwrs_x                                0x080034dc   Data          60  bigflt0.o(.constdata)
    .constdata                               0x080034dc   Section      148  bigflt0.o(.constdata)
    tenpwrs_i                                0x08003518   Data          64  bigflt0.o(.constdata)
    .L__const.getPSC.notesFirstOctave        0x08003570   Data          96  projetinho_tecladinho.o(.rodata..L__const.getPSC.notesFirstOctave)
    .L.str.1                                 0x080035d0   Data          12  projetinho_tecladinho.o(.rodata.str1.1)
    [Anonymous Symbol]                       0x080035d0   Section        0  projetinho_tecladinho.o(.rodata.str1.1)
    .L.str                                   0x080035dc   Data          11  projetinho_tecladinho.o(.rodata.str1.1)
    locale$$data                             0x08003608   Section       28  lc_numeric_c.o(locale$$data)
    __lcnum_c_name                           0x0800360c   Data           2  lc_numeric_c.o(locale$$data)
    __lcnum_c_start                          0x08003614   Data           0  lc_numeric_c.o(locale$$data)
    __lcnum_c_point                          0x08003620   Data           0  lc_numeric_c.o(locale$$data)
    __lcnum_c_thousands                      0x08003622   Data           0  lc_numeric_c.o(locale$$data)
    __lcnum_c_grouping                       0x08003623   Data           0  lc_numeric_c.o(locale$$data)
    __lcnum_c_end                            0x08003624   Data           0  lc_numeric_c.o(locale$$data)
    locale$$data                             0x08003624   Section      272  lc_ctype_c.o(locale$$data)
    __lcctype_c_name                         0x08003628   Data           2  lc_ctype_c.o(locale$$data)
    __lcctype_c_start                        0x08003630   Data           0  lc_ctype_c.o(locale$$data)
    __lcctype_c_end                          0x08003734   Data           0  lc_ctype_c.o(locale$$data)
    .bss                                     0x20000018   Section       96  libspace.o(.bss)
    Heap_Mem                                 0x20000078   Data         512  startup_stm32f10x_md.o(HEAP)
    HEAP                                     0x20000078   Section      512  startup_stm32f10x_md.o(HEAP)
    Stack_Mem                                0x20000278   Data        1024  startup_stm32f10x_md.o(STACK)
    STACK                                    0x20000278   Section     1024  startup_stm32f10x_md.o(STACK)
    __initial_sp                             0x20000678   Data           0  startup_stm32f10x_md.o(STACK)

    Global Symbols

    Symbol Name                              Value     Ov Type        Size  Object(Section)

    BuildAttributes$$THM_ISAv4$P$D$K$B$S$PE$A:L22UL41UL21$X:L11$S22US41US21$IEEE1$IW$~IW$USESV6$~STKCKD$USESV7$~SHL$OTIME$ROPI$IEEEJ$EBA8$UX$STANDARDLIB$REQ8$PRES8$EABIv2 0x00000000   Number         0  anon$$obj.o ABSOLUTE
    __fp_init_empty                          0x00000000   Number         0  fpinit_empty.o ABSOLUTE
    _printf_flags                            0x00000000   Number         0  printf_stubs.o ABSOLUTE
    _printf_return_value                     0x00000000   Number         0  printf_stubs.o ABSOLUTE
    _printf_sizespec                         0x00000000   Number         0  printf_stubs.o ABSOLUTE
    _printf_widthprec                        0x00000000   Number         0  printf_stubs.o ABSOLUTE
    __ARM_exceptions_init                     - Undefined Weak Reference
    __alloca_initialize                       - Undefined Weak Reference
    __arm_preinit_                            - Undefined Weak Reference
    __arm_relocate_pie_                       - Undefined Weak Reference
    __cpp_initialize__aeabi_                  - Undefined Weak Reference
    __cxa_finalize                            - Undefined Weak Reference
    __sigvec_lookup                           - Undefined Weak Reference
    _atexit_init                              - Undefined Weak Reference
    _call_atexit_fns                          - Undefined Weak Reference
    _clock_init                               - Undefined Weak Reference
    _fp_trap_init                             - Undefined Weak Reference
    _fp_trap_shutdown                         - Undefined Weak Reference
    _get_lc_collate                           - Undefined Weak Reference
    _get_lc_monetary                          - Undefined Weak Reference
    _get_lc_time                              - Undefined Weak Reference
    _getenv_init                              - Undefined Weak Reference
    _handle_redirection                       - Undefined Weak Reference
    _init_alloc                               - Undefined Weak Reference
    _init_user_alloc                          - Undefined Weak Reference
    _initio                                   - Undefined Weak Reference
    _printf_mbtowc                            - Undefined Weak Reference
    _printf_wc                                - Undefined Weak Reference
    _rand_init                                - Undefined Weak Reference
    _signal_finish                            - Undefined Weak Reference
    _signal_init                              - Undefined Weak Reference
    _terminate_alloc                          - Undefined Weak Reference
    _terminate_user_alloc                     - Undefined Weak Reference
    _terminateio                              - Undefined Weak Reference
    __Vectors_Size                           0x000000ec   Number         0  startup_stm32f10x_md.o ABSOLUTE
    __Vectors                                0x08000000   Data           4  startup_stm32f10x_md.o(RESET)
    __Vectors_End                            0x080000ec   Data           0  startup_stm32f10x_md.o(RESET)
    __main                                   0x080000ed   Thumb Code     8  __main.o(!!!main)
    __scatterload                            0x080000f5   Thumb Code     0  __scatter.o(!!!scatter)
    __scatterload_rt2                        0x080000f5   Thumb Code    44  __scatter.o(!!!scatter)
    __scatterload_rt2_thumb_only             0x080000f5   Thumb Code     0  __scatter.o(!!!scatter)
    __scatterload_null                       0x08000103   Thumb Code     0  __scatter.o(!!!scatter)
    __scatterload_copy                       0x08000129   Thumb Code    26  __scatter_copy.o(!!handler_copy)
    __scatterload_zeroinit                   0x08000145   Thumb Code    28  __scatter_zi.o(!!handler_zi)
    _printf_n                                0x08000161   Thumb Code     0  _printf_n.o(.ARM.Collect$$_printf_percent$$00000001)
    _printf_percent                          0x08000161   Thumb Code     0  _printf_percent.o(.ARM.Collect$$_printf_percent$$00000000)
    _printf_p                                0x08000167   Thumb Code     0  _printf_p.o(.ARM.Collect$$_printf_percent$$00000002)
    _printf_f                                0x0800016d   Thumb Code     0  _printf_f.o(.ARM.Collect$$_printf_percent$$00000003)
    _printf_e                                0x08000173   Thumb Code     0  _printf_e.o(.ARM.Collect$$_printf_percent$$00000004)
    _printf_g                                0x08000179   Thumb Code     0  _printf_g.o(.ARM.Collect$$_printf_percent$$00000005)
    _printf_a                                0x0800017f   Thumb Code     0  _printf_a.o(.ARM.Collect$$_printf_percent$$00000006)
    _printf_ll                               0x08000185   Thumb Code     0  _printf_ll.o(.ARM.Collect$$_printf_percent$$00000007)
    _printf_i                                0x0800018f   Thumb Code     0  _printf_i.o(.ARM.Collect$$_printf_percent$$00000008)
    _printf_d                                0x08000195   Thumb Code     0  _printf_d.o(.ARM.Collect$$_printf_percent$$00000009)
    _printf_u                                0x0800019b   Thumb Code     0  _printf_u.o(.ARM.Collect$$_printf_percent$$0000000A)
    _printf_o                                0x080001a1   Thumb Code     0  _printf_o.o(.ARM.Collect$$_printf_percent$$0000000B)
    _printf_x                                0x080001a7   Thumb Code     0  _printf_x.o(.ARM.Collect$$_printf_percent$$0000000C)
    _printf_lli                              0x080001ad   Thumb Code     0  _printf_lli.o(.ARM.Collect$$_printf_percent$$0000000D)
    _printf_lld                              0x080001b3   Thumb Code     0  _printf_lld.o(.ARM.Collect$$_printf_percent$$0000000E)
    _printf_llu                              0x080001b9   Thumb Code     0  _printf_llu.o(.ARM.Collect$$_printf_percent$$0000000F)
    _printf_llo                              0x080001bf   Thumb Code     0  _printf_llo.o(.ARM.Collect$$_printf_percent$$00000010)
    _printf_llx                              0x080001c5   Thumb Code     0  _printf_llx.o(.ARM.Collect$$_printf_percent$$00000011)
    _printf_l                                0x080001cb   Thumb Code     0  _printf_l.o(.ARM.Collect$$_printf_percent$$00000012)
    _printf_c                                0x080001d5   Thumb Code     0  _printf_c.o(.ARM.Collect$$_printf_percent$$00000013)
    _printf_s                                0x080001db   Thumb Code     0  _printf_s.o(.ARM.Collect$$_printf_percent$$00000014)
    _printf_lc                               0x080001e1   Thumb Code     0  _printf_lc.o(.ARM.Collect$$_printf_percent$$00000015)
    _printf_ls                               0x080001e7   Thumb Code     0  _printf_ls.o(.ARM.Collect$$_printf_percent$$00000016)
    _printf_percent_end                      0x080001ed   Thumb Code     0  _printf_percent_end.o(.ARM.Collect$$_printf_percent$$00000017)
    __rt_lib_init                            0x080001f1   Thumb Code     0  libinit.o(.ARM.Collect$$libinit$$00000000)
    __rt_lib_init_fp_1                       0x080001f3   Thumb Code     0  libinit2.o(.ARM.Collect$$libinit$$00000002)
    __rt_lib_init_heap_1                     0x080001f3   Thumb Code     0  libinit2.o(.ARM.Collect$$libinit$$0000000C)
    __rt_lib_init_lc_common                  0x080001f3   Thumb Code     0  libinit2.o(.ARM.Collect$$libinit$$00000011)
    __rt_lib_init_preinit_1                  0x080001f3   Thumb Code     0  libinit2.o(.ARM.Collect$$libinit$$00000006)
    __rt_lib_init_rand_1                     0x080001f3   Thumb Code     0  libinit2.o(.ARM.Collect$$libinit$$00000010)
    __rt_lib_init_relocate_pie_1             0x080001f3   Thumb Code     0  libinit2.o(.ARM.Collect$$libinit$$00000004)
    __rt_lib_init_user_alloc_1               0x080001f3   Thumb Code     0  libinit2.o(.ARM.Collect$$libinit$$0000000E)
    __rt_lib_init_lc_collate_1               0x080001f9   Thumb Code     0  libinit2.o(.ARM.Collect$$libinit$$00000013)
    __rt_lib_init_lc_ctype_2                 0x080001f9   Thumb Code     0  libinit2.o(.ARM.Collect$$libinit$$00000014)
    __rt_lib_init_lc_ctype_1                 0x08000205   Thumb Code     0  libinit2.o(.ARM.Collect$$libinit$$00000015)
    __rt_lib_init_lc_monetary_1              0x08000205   Thumb Code     0  libinit2.o(.ARM.Collect$$libinit$$00000017)
    __rt_lib_init_lc_numeric_2               0x08000205   Thumb Code     0  libinit2.o(.ARM.Collect$$libinit$$00000018)
    __rt_lib_init_alloca_1                   0x0800020f   Thumb Code     0  libinit2.o(.ARM.Collect$$libinit$$00000030)
    __rt_lib_init_argv_1                     0x0800020f   Thumb Code     0  libinit2.o(.ARM.Collect$$libinit$$0000002E)
    __rt_lib_init_atexit_1                   0x0800020f   Thumb Code     0  libinit2.o(.ARM.Collect$$libinit$$0000001D)
    __rt_lib_init_clock_1                    0x0800020f   Thumb Code     0  libinit2.o(.ARM.Collect$$libinit$$00000023)
    __rt_lib_init_cpp_1                      0x0800020f   Thumb Code     0  libinit2.o(.ARM.Collect$$libinit$$00000034)
    __rt_lib_init_exceptions_1               0x0800020f   Thumb Code     0  libinit2.o(.ARM.Collect$$libinit$$00000032)
    __rt_lib_init_fp_trap_1                  0x0800020f   Thumb Code     0  libinit2.o(.ARM.Collect$$libinit$$00000021)
    __rt_lib_init_getenv_1                   0x0800020f   Thumb Code     0  libinit2.o(.ARM.Collect$$libinit$$00000025)
    __rt_lib_init_lc_numeric_1               0x0800020f   Thumb Code     0  libinit2.o(.ARM.Collect$$libinit$$00000019)
    __rt_lib_init_lc_time_1                  0x0800020f   Thumb Code     0  libinit2.o(.ARM.Collect$$libinit$$0000001B)
    __rt_lib_init_return                     0x0800020f   Thumb Code     0  libinit2.o(.ARM.Collect$$libinit$$00000035)
    __rt_lib_init_signal_1                   0x0800020f   Thumb Code     0  libinit2.o(.ARM.Collect$$libinit$$0000001F)
    __rt_lib_init_stdio_1                    0x0800020f   Thumb Code     0  libinit2.o(.ARM.Collect$$libinit$$00000027)
    __rt_lib_shutdown                        0x08000211   Thumb Code     0  libshutdown.o(.ARM.Collect$$libshutdown$$00000000)
    __rt_lib_shutdown_cpp_1                  0x08000213   Thumb Code     0  libshutdown2.o(.ARM.Collect$$libshutdown$$00000002)
    __rt_lib_shutdown_fp_trap_1              0x08000213   Thumb Code     0  libshutdown2.o(.ARM.Collect$$libshutdown$$00000007)
    __rt_lib_shutdown_heap_1                 0x08000213   Thumb Code     0  libshutdown2.o(.ARM.Collect$$libshutdown$$0000000F)
    __rt_lib_shutdown_return                 0x08000213   Thumb Code     0  libshutdown2.o(.ARM.Collect$$libshutdown$$00000010)
    __rt_lib_shutdown_signal_1               0x08000213   Thumb Code     0  libshutdown2.o(.ARM.Collect$$libshutdown$$0000000A)
    __rt_lib_shutdown_stdio_1                0x08000213   Thumb Code     0  libshutdown2.o(.ARM.Collect$$libshutdown$$00000004)
    __rt_lib_shutdown_user_alloc_1           0x08000213   Thumb Code     0  libshutdown2.o(.ARM.Collect$$libshutdown$$0000000C)
    __rt_entry                               0x08000215   Thumb Code     0  __rtentry.o(.ARM.Collect$$rtentry$$00000000)
    __rt_entry_presh_1                       0x08000215   Thumb Code     0  __rtentry2.o(.ARM.Collect$$rtentry$$00000002)
    __rt_entry_sh                            0x08000215   Thumb Code     0  __rtentry4.o(.ARM.Collect$$rtentry$$00000004)
    __rt_entry_li                            0x0800021b   Thumb Code     0  __rtentry2.o(.ARM.Collect$$rtentry$$0000000A)
    __rt_entry_postsh_1                      0x0800021b   Thumb Code     0  __rtentry2.o(.ARM.Collect$$rtentry$$00000009)
    __rt_entry_main                          0x0800021f   Thumb Code     0  __rtentry2.o(.ARM.Collect$$rtentry$$0000000D)
    __rt_entry_postli_1                      0x0800021f   Thumb Code     0  __rtentry2.o(.ARM.Collect$$rtentry$$0000000C)
    __rt_exit                                0x08000227   Thumb Code     0  rtexit.o(.ARM.Collect$$rtexit$$00000000)
    __rt_exit_ls                             0x08000229   Thumb Code     0  rtexit2.o(.ARM.Collect$$rtexit$$00000003)
    __rt_exit_prels_1                        0x08000229   Thumb Code     0  rtexit2.o(.ARM.Collect$$rtexit$$00000002)
    __rt_exit_exit                           0x0800022d   Thumb Code     0  rtexit2.o(.ARM.Collect$$rtexit$$00000004)
    Reset_Handler                            0x08000235   Thumb Code     8  startup_stm32f10x_md.o(.text)
    NMI_Handler                              0x0800023d   Thumb Code     2  startup_stm32f10x_md.o(.text)
    HardFault_Handler                        0x0800023f   Thumb Code     2  startup_stm32f10x_md.o(.text)
    MemManage_Handler                        0x08000241   Thumb Code     2  startup_stm32f10x_md.o(.text)
    BusFault_Handler                         0x08000243   Thumb Code     2  startup_stm32f10x_md.o(.text)
    UsageFault_Handler                       0x08000245   Thumb Code     2  startup_stm32f10x_md.o(.text)
    SVC_Handler                              0x08000247   Thumb Code     2  startup_stm32f10x_md.o(.text)
    DebugMon_Handler                         0x08000249   Thumb Code     2  startup_stm32f10x_md.o(.text)
    PendSV_Handler                           0x0800024b   Thumb Code     2  startup_stm32f10x_md.o(.text)
    SysTick_Handler                          0x0800024d   Thumb Code     2  startup_stm32f10x_md.o(.text)
    ADC1_2_IRQHandler                        0x0800024f   Thumb Code     0  startup_stm32f10x_md.o(.text)
    CAN1_RX1_IRQHandler                      0x0800024f   Thumb Code     0  startup_stm32f10x_md.o(.text)
    CAN1_SCE_IRQHandler                      0x0800024f   Thumb Code     0  startup_stm32f10x_md.o(.text)
    DMA1_Channel1_IRQHandler                 0x0800024f   Thumb Code     0  startup_stm32f10x_md.o(.text)
    DMA1_Channel2_IRQHandler                 0x0800024f   Thumb Code     0  startup_stm32f10x_md.o(.text)
    DMA1_Channel3_IRQHandler                 0x0800024f   Thumb Code     0  startup_stm32f10x_md.o(.text)
    DMA1_Channel4_IRQHandler                 0x0800024f   Thumb Code     0  startup_stm32f10x_md.o(.text)
    DMA1_Channel5_IRQHandler                 0x0800024f   Thumb Code     0  startup_stm32f10x_md.o(.text)
    DMA1_Channel6_IRQHandler                 0x0800024f   Thumb Code     0  startup_stm32f10x_md.o(.text)
    DMA1_Channel7_IRQHandler                 0x0800024f   Thumb Code     0  startup_stm32f10x_md.o(.text)
    EXTI0_IRQHandler                         0x0800024f   Thumb Code     0  startup_stm32f10x_md.o(.text)
    EXTI15_10_IRQHandler                     0x0800024f   Thumb Code     0  startup_stm32f10x_md.o(.text)
    EXTI1_IRQHandler                         0x0800024f   Thumb Code     0  startup_stm32f10x_md.o(.text)
    EXTI2_IRQHandler                         0x0800024f   Thumb Code     0  startup_stm32f10x_md.o(.text)
    EXTI3_IRQHandler                         0x0800024f   Thumb Code     0  startup_stm32f10x_md.o(.text)
    EXTI4_IRQHandler                         0x0800024f   Thumb Code     0  startup_stm32f10x_md.o(.text)
    EXTI9_5_IRQHandler                       0x0800024f   Thumb Code     0  startup_stm32f10x_md.o(.text)
    FLASH_IRQHandler                         0x0800024f   Thumb Code     0  startup_stm32f10x_md.o(.text)
    I2C1_ER_IRQHandler                       0x0800024f   Thumb Code     0  startup_stm32f10x_md.o(.text)
    I2C1_EV_IRQHandler                       0x0800024f   Thumb Code     0  startup_stm32f10x_md.o(.text)
    I2C2_ER_IRQHandler                       0x0800024f   Thumb Code     0  startup_stm32f10x_md.o(.text)
    I2C2_EV_IRQHandler                       0x0800024f   Thumb Code     0  startup_stm32f10x_md.o(.text)
    PVD_IRQHandler                           0x0800024f   Thumb Code     0  startup_stm32f10x_md.o(.text)
    RCC_IRQHandler                           0x0800024f   Thumb Code     0  startup_stm32f10x_md.o(.text)
    RTCAlarm_IRQHandler                      0x0800024f   Thumb Code     0  startup_stm32f10x_md.o(.text)
    RTC_IRQHandler                           0x0800024f   Thumb Code     0  startup_stm32f10x_md.o(.text)
    SPI1_IRQHandler                          0x0800024f   Thumb Code     0  startup_stm32f10x_md.o(.text)
    SPI2_IRQHandler                          0x0800024f   Thumb Code     0  startup_stm32f10x_md.o(.text)
    TAMPER_IRQHandler                        0x0800024f   Thumb Code     0  startup_stm32f10x_md.o(.text)
    TIM1_BRK_IRQHandler                      0x0800024f   Thumb Code     0  startup_stm32f10x_md.o(.text)
    TIM1_CC_IRQHandler                       0x0800024f   Thumb Code     0  startup_stm32f10x_md.o(.text)
    TIM1_TRG_COM_IRQHandler                  0x0800024f   Thumb Code     0  startup_stm32f10x_md.o(.text)
    TIM1_UP_IRQHandler                       0x0800024f   Thumb Code     0  startup_stm32f10x_md.o(.text)
    TIM2_IRQHandler                          0x0800024f   Thumb Code     0  startup_stm32f10x_md.o(.text)
    TIM3_IRQHandler                          0x0800024f   Thumb Code     0  startup_stm32f10x_md.o(.text)
    TIM4_IRQHandler                          0x0800024f   Thumb Code     0  startup_stm32f10x_md.o(.text)
    USART1_IRQHandler                        0x0800024f   Thumb Code     0  startup_stm32f10x_md.o(.text)
    USART2_IRQHandler                        0x0800024f   Thumb Code     0  startup_stm32f10x_md.o(.text)
    USART3_IRQHandler                        0x0800024f   Thumb Code     0  startup_stm32f10x_md.o(.text)
    USBWakeUp_IRQHandler                     0x0800024f   Thumb Code     0  startup_stm32f10x_md.o(.text)
    USB_HP_CAN1_TX_IRQHandler                0x0800024f   Thumb Code     0  startup_stm32f10x_md.o(.text)
    USB_LP_CAN1_RX0_IRQHandler               0x0800024f   Thumb Code     0  startup_stm32f10x_md.o(.text)
    WWDG_IRQHandler                          0x0800024f   Thumb Code     0  startup_stm32f10x_md.o(.text)
    __user_initial_stackheap                 0x08000251   Thumb Code     0  startup_stm32f10x_md.o(.text)
    sprintf                                  0x08000275   Thumb Code    38  sprintf.o(.text)
    __aeabi_memcpy4                          0x080002a1   Thumb Code     0  rt_memcpy_w.o(.text)
    __aeabi_memcpy8                          0x080002a1   Thumb Code     0  rt_memcpy_w.o(.text)
    __rt_memcpy_w                            0x080002a1   Thumb Code   100  rt_memcpy_w.o(.text)
    _memcpy_lastbytes_aligned                0x080002e9   Thumb Code     0  rt_memcpy_w.o(.text)
    __use_two_region_memory                  0x08000305   Thumb Code     2  heapauxi.o(.text)
    __rt_heap_escrow$2region                 0x08000307   Thumb Code     2  heapauxi.o(.text)
    __rt_heap_expand$2region                 0x08000309   Thumb Code     2  heapauxi.o(.text)
    _printf_pre_padding                      0x0800030b   Thumb Code    44  _printf_pad.o(.text)
    _printf_post_padding                     0x08000337   Thumb Code    34  _printf_pad.o(.text)
    _printf_truncate_signed                  0x08000359   Thumb Code    18  _printf_truncate.o(.text)
    _printf_truncate_unsigned                0x0800036b   Thumb Code    18  _printf_truncate.o(.text)
    _printf_str                              0x0800037d   Thumb Code    82  _printf_str.o(.text)
    _printf_int_dec                          0x080003d1   Thumb Code   104  _printf_dec.o(.text)
    _printf_charcount                        0x08000449   Thumb Code    40  _printf_charcount.o(.text)
    _printf_char_common                      0x0800047b   Thumb Code    32  _printf_char_common.o(.text)
    _sputc                                   0x080004a1   Thumb Code    10  _sputc.o(.text)
    _printf_wctomb                           0x080004ad   Thumb Code   182  _printf_wctomb.o(.text)
    _printf_longlong_dec                     0x08000569   Thumb Code   108  _printf_longlong_dec.o(.text)
    _printf_longlong_oct                     0x080005e5   Thumb Code    68  _printf_oct_int_ll.o(.text)
    _printf_int_oct                          0x08000629   Thumb Code    24  _printf_oct_int_ll.o(.text)
    _printf_ll_oct                           0x08000641   Thumb Code    12  _printf_oct_int_ll.o(.text)
    _printf_longlong_hex                     0x08000655   Thumb Code    86  _printf_hex_int_ll_ptr.o(.text)
    _printf_int_hex                          0x080006ab   Thumb Code    28  _printf_hex_int_ll_ptr.o(.text)
    _printf_ll_hex                           0x080006c7   Thumb Code    12  _printf_hex_int_ll_ptr.o(.text)
    _printf_hex_ptr                          0x080006d3   Thumb Code    18  _printf_hex_int_ll_ptr.o(.text)
    __printf                                 0x080006e9   Thumb Code   388  __printf_flags_ss_wp.o(.text)
    _ll_udiv10                               0x08000871   Thumb Code   138  lludiv10.o(.text)
    _printf_int_common                       0x080008fb   Thumb Code   178  _printf_intcommon.o(.text)
    _printf_fp_dec_real                      0x08000b5d   Thumb Code   620  _printf_fp_dec.o(.text)
    _printf_fp_hex_real                      0x08000dc9   Thumb Code   756  _printf_fp_hex.o(.text)
    _printf_cs_common                        0x080010c5   Thumb Code    20  _printf_char.o(.text)
    _printf_char                             0x080010d9   Thumb Code    16  _printf_char.o(.text)
    _printf_string                           0x080010e9   Thumb Code     8  _printf_char.o(.text)
    _printf_lcs_common                       0x080010f1   Thumb Code    20  _printf_wchar.o(.text)
    _printf_wchar                            0x08001105   Thumb Code    16  _printf_wchar.o(.text)
    _printf_wstring                          0x08001115   Thumb Code     8  _printf_wchar.o(.text)
    _c16rtomb                                0x0800111d   Thumb Code    72  _c16rtomb.o(.text)
    _wcrtomb                                 0x0800111d   Thumb Code     0  _c16rtomb.o(.text)
    __user_setup_stackheap                   0x08001165   Thumb Code    74  sys_stackheap_outer.o(.text)
    __rt_ctype_table                         0x080011b1   Thumb Code    16  rt_ctype_table.o(.text)
    __rt_locale                              0x080011c1   Thumb Code     8  rt_locale_intlibspace.o(.text)
    _printf_fp_infnan                        0x080011c9   Thumb Code   112  _printf_fp_infnan.o(.text)
    _btod_etento                             0x08001249   Thumb Code   224  bigflt0.o(.text)
    exit                                     0x0800132d   Thumb Code    18  exit.o(.text)
    __user_libspace                          0x08001341   Thumb Code     8  libspace.o(.text)
    __user_perproc_libspace                  0x08001341   Thumb Code     0  libspace.o(.text)
    __user_perthread_libspace                0x08001341   Thumb Code     0  libspace.o(.text)
    strcmp                                   0x08001349   Thumb Code   128  strcmpv7m.o(.text)
    _sys_exit                                0x080013c9   Thumb Code     8  sys_exit.o(.text)
    __I$use$semihosting                      0x080013d5   Thumb Code     0  use_no_semi.o(.text)
    __use_no_semihosting_swi                 0x080013d5   Thumb Code     2  use_no_semi.o(.text)
    __semihosting_library_function           0x080013d7   Thumb Code     0  indicate_semi.o(.text)
    SystemInit                               0x08001505   Thumb Code   102  system_stm32f10x.o(.text.SystemInit)
    clearOutput                              0x0800156d   Thumb Code    34  projetinho_tecladinho.o(.text.clearOutput)
    delay_ms                                 0x08001591   Thumb Code    76  projetinho_tecladinho.o(.text.delay_ms)
    delay_us                                 0x080015dd   Thumb Code    72  projetinho_tecladinho.o(.text.delay_us)
    getPSC                                   0x08001625   Thumb Code   170  projetinho_tecladinho.o(.text.getPSC)
    handleAnal_Input                         0x080016d1   Thumb Code   102  projetinho_tecladinho.o(.text.handleAnal_Input)
    handleGPIO_A                             0x08001739   Thumb Code   120  projetinho_tecladinho.o(.text.handleGPIO_A)
    handleGPIO_B                             0x080017b1   Thumb Code   622  projetinho_tecladinho.o(.text.handleGPIO_B)
    handleGPIO_C                             0x08001a21   Thumb Code   114  projetinho_tecladinho.o(.text.handleGPIO_C)
    initializeADC                            0x08001a95   Thumb Code    50  projetinho_tecladinho.o(.text.initializeADC)
    initializeGPIOs                          0x08001ac9   Thumb Code   102  projetinho_tecladinho.o(.text.initializeGPIOs)
    initializePWM                            0x08001b31   Thumb Code    82  projetinho_tecladinho.o(.text.initializePWM)
    lcd_command                              0x08001b85   Thumb Code    36  projetinho_tecladinho.o(.text.lcd_command)
    lcd_data                                 0x08001ba9   Thumb Code    36  projetinho_tecladinho.o(.text.lcd_data)
    lcd_init                                 0x08001bcd   Thumb Code   112  projetinho_tecladinho.o(.text.lcd_init)
    lcd_print                                0x08001c3d   Thumb Code    54  projetinho_tecladinho.o(.text.lcd_print)
    lcd_putValue                             0x08001c75   Thumb Code   250  projetinho_tecladinho.o(.text.lcd_putValue)
    main                                     0x08001d71   Thumb Code   116  projetinho_tecladinho.o(.text.main)
    play                                     0x08001de5   Thumb Code   120  projetinho_tecladinho.o(.text.play)
    playIndianaJones                         0x08001e5d   Thumb Code   268  projetinho_tecladinho.o(.text.playIndianaJones)
    playJojo                                 0x08001f69   Thumb Code   346  projetinho_tecladinho.o(.text.playJojo)
    playRickAstley                           0x080020c5   Thumb Code   428  projetinho_tecladinho.o(.text.playRickAstley)
    playStarWars                             0x08002271   Thumb Code   232  projetinho_tecladinho.o(.text.playStarWars)
    printHUD                                 0x08002359   Thumb Code    98  projetinho_tecladinho.o(.text.printHUD)
    _btod_d2e                                0x080023bb   Thumb Code    62  btod.o(CL$$btod_d2e)
    _d2e_denorm_low                          0x080023f9   Thumb Code    70  btod.o(CL$$btod_d2e_denorm_low)
    _d2e_norm_op1                            0x0800243f   Thumb Code    96  btod.o(CL$$btod_d2e_norm_op1)
    __btod_div_common                        0x080024a1   Thumb Code   696  btod.o(CL$$btod_div_common)
    _e2e                                     0x080027d9   Thumb Code   220  btod.o(CL$$btod_e2e)
    _btod_ediv                               0x080028b5   Thumb Code    42  btod.o(CL$$btod_ediv)
    _btod_emul                               0x080028df   Thumb Code    42  btod.o(CL$$btod_emul)
    __btod_mult_common                       0x08002909   Thumb Code   580  btod.o(CL$$btod_mult_common)
    __ARM_fpclassify                         0x08002b4d   Thumb Code    40  fpclassify.o(i.__ARM_fpclassify)
    _is_digit                                0x08002b75   Thumb Code    14  __printf_wp.o(i._is_digit)
    _get_lc_numeric                          0x08002b85   Thumb Code    44  lc_numeric_c.o(locale$$code)
    _get_lc_ctype                            0x08002bb1   Thumb Code    44  lc_ctype_c.o(locale$$code)
    __aeabi_dadd                             0x08002bdd   Thumb Code     0  daddsub_clz.o(x$fpl$dadd)
    _dadd                                    0x08002bdd   Thumb Code   332  daddsub_clz.o(x$fpl$dadd)
    __aeabi_ddiv                             0x08002d2d   Thumb Code     0  ddiv.o(x$fpl$ddiv)
    _ddiv                                    0x08002d2d   Thumb Code   556  ddiv.o(x$fpl$ddiv)
    __aeabi_d2iz                             0x08002fe1   Thumb Code     0  dfix.o(x$fpl$dfix)
    _dfix                                    0x08002fe1   Thumb Code    94  dfix.o(x$fpl$dfix)
    __aeabi_i2d                              0x0800303f   Thumb Code     0  dflt_clz.o(x$fpl$dflt)
    _dflt                                    0x0800303f   Thumb Code    46  dflt_clz.o(x$fpl$dflt)
    __aeabi_ui2d                             0x0800306d   Thumb Code     0  dflt_clz.o(x$fpl$dfltu)
    _dfltu                                   0x0800306d   Thumb Code    38  dflt_clz.o(x$fpl$dfltu)
    __aeabi_dmul                             0x08003095   Thumb Code     0  dmul.o(x$fpl$dmul)
    _dmul                                    0x08003095   Thumb Code   332  dmul.o(x$fpl$dmul)
    __fpl_dnaninf                            0x080031e9   Thumb Code   156  dnaninf.o(x$fpl$dnaninf)
    __fpl_dretinf                            0x08003285   Thumb Code    12  dretinf.o(x$fpl$dretinf)
    __aeabi_dsub                             0x08003291   Thumb Code     0  daddsub_clz.o(x$fpl$dsub)
    _dsub                                    0x08003291   Thumb Code   472  daddsub_clz.o(x$fpl$dsub)
    _printf_fp_dec                           0x0800346d   Thumb Code     4  printf1.o(x$fpl$printf1)
    _printf_fp_hex                           0x08003471   Thumb Code     4  printf2.o(x$fpl$printf2)
    __I$use$fp                               0x08003474   Number         0  usenofp.o(x$fpl$usenofp)
    Region$$Table$$Base                      0x080035e8   Number         0  anon$$obj.o(Region$$Table)
    Region$$Table$$Limit                     0x08003608   Number         0  anon$$obj.o(Region$$Table)
    __ctype                                  0x08003631   Data           0  lc_ctype_c.o(locale$$data)
    SystemCoreClock                          0x20000000   Data           4  system_stm32f10x.o(.data.SystemCoreClock)
    currentCycle                             0x20000004   Data           4  projetinho_tecladinho.o(.data.currentCycle)
    currentFrequencyMultiplier               0x20000008   Data           8  projetinho_tecladinho.o(.data.currentFrequencyMultiplier)
    currentOctave                            0x20000010   Data           4  projetinho_tecladinho.o(.data.currentOctave)
    currentSong                              0x20000014   Data           4  projetinho_tecladinho.o(.data.currentSong)
    __libspace_start                         0x20000018   Data          96  libspace.o(.bss)
    __temporary_stack_top$libspace           0x20000078   Data           0  libspace.o(.bss)



==============================================================================

Memory Map of the image

  Image Entry point : 0x080000ed

  Load Region LR_IROM1 (Base: 0x08000000, Size: 0x00003750, Max: 0x00010000, ABSOLUTE)

    Execution Region ER_IROM1 (Exec base: 0x08000000, Load base: 0x08000000, Size: 0x00003734, Max: 0x00010000, ABSOLUTE)

    Exec Addr    Load Addr    Size         Type   Attr      Idx    E Section Name        Object

    0x08000000   0x08000000   0x000000ec   Data   RO           79    RESET               startup_stm32f10x_md.o
    0x080000ec   0x080000ec   0x00000008   Code   RO          111  * !!!main             c_w.l(__main.o)
    0x080000f4   0x080000f4   0x00000034   Code   RO          474    !!!scatter          c_w.l(__scatter.o)
    0x08000128   0x08000128   0x0000001a   Code   RO          476    !!handler_copy      c_w.l(__scatter_copy.o)
    0x08000142   0x08000142   0x00000002   PAD
    0x08000144   0x08000144   0x0000001c   Code   RO          478    !!handler_zi        c_w.l(__scatter_zi.o)
    0x08000160   0x08000160   0x00000000   Code   RO          217    .ARM.Collect$$_printf_percent$$00000000  c_w.l(_printf_percent.o)
    0x08000160   0x08000160   0x00000006   Code   RO          206    .ARM.Collect$$_printf_percent$$00000001  c_w.l(_printf_n.o)
    0x08000166   0x08000166   0x00000006   Code   RO          208    .ARM.Collect$$_printf_percent$$00000002  c_w.l(_printf_p.o)
    0x0800016c   0x0800016c   0x00000006   Code   RO          213    .ARM.Collect$$_printf_percent$$00000003  c_w.l(_printf_f.o)
    0x08000172   0x08000172   0x00000006   Code   RO          214    .ARM.Collect$$_printf_percent$$00000004  c_w.l(_printf_e.o)
    0x08000178   0x08000178   0x00000006   Code   RO          215    .ARM.Collect$$_printf_percent$$00000005  c_w.l(_printf_g.o)
    0x0800017e   0x0800017e   0x00000006   Code   RO          216    .ARM.Collect$$_printf_percent$$00000006  c_w.l(_printf_a.o)
    0x08000184   0x08000184   0x0000000a   Code   RO          221    .ARM.Collect$$_printf_percent$$00000007  c_w.l(_printf_ll.o)
    0x0800018e   0x0800018e   0x00000006   Code   RO          210    .ARM.Collect$$_printf_percent$$00000008  c_w.l(_printf_i.o)
    0x08000194   0x08000194   0x00000006   Code   RO          211    .ARM.Collect$$_printf_percent$$00000009  c_w.l(_printf_d.o)
    0x0800019a   0x0800019a   0x00000006   Code   RO          212    .ARM.Collect$$_printf_percent$$0000000A  c_w.l(_printf_u.o)
    0x080001a0   0x080001a0   0x00000006   Code   RO          209    .ARM.Collect$$_printf_percent$$0000000B  c_w.l(_printf_o.o)
    0x080001a6   0x080001a6   0x00000006   Code   RO          207    .ARM.Collect$$_printf_percent$$0000000C  c_w.l(_printf_x.o)
    0x080001ac   0x080001ac   0x00000006   Code   RO          218    .ARM.Collect$$_printf_percent$$0000000D  c_w.l(_printf_lli.o)
    0x080001b2   0x080001b2   0x00000006   Code   RO          219    .ARM.Collect$$_printf_percent$$0000000E  c_w.l(_printf_lld.o)
    0x080001b8   0x080001b8   0x00000006   Code   RO          220    .ARM.Collect$$_printf_percent$$0000000F  c_w.l(_printf_llu.o)
    0x080001be   0x080001be   0x00000006   Code   RO          225    .ARM.Collect$$_printf_percent$$00000010  c_w.l(_printf_llo.o)
    0x080001c4   0x080001c4   0x00000006   Code   RO          226    .ARM.Collect$$_printf_percent$$00000011  c_w.l(_printf_llx.o)
    0x080001ca   0x080001ca   0x0000000a   Code   RO          222    .ARM.Collect$$_printf_percent$$00000012  c_w.l(_printf_l.o)
    0x080001d4   0x080001d4   0x00000006   Code   RO          204    .ARM.Collect$$_printf_percent$$00000013  c_w.l(_printf_c.o)
    0x080001da   0x080001da   0x00000006   Code   RO          205    .ARM.Collect$$_printf_percent$$00000014  c_w.l(_printf_s.o)
    0x080001e0   0x080001e0   0x00000006   Code   RO          223    .ARM.Collect$$_printf_percent$$00000015  c_w.l(_printf_lc.o)
    0x080001e6   0x080001e6   0x00000006   Code   RO          224    .ARM.Collect$$_printf_percent$$00000016  c_w.l(_printf_ls.o)
    0x080001ec   0x080001ec   0x00000004   Code   RO          272    .ARM.Collect$$_printf_percent$$00000017  c_w.l(_printf_percent_end.o)
    0x080001f0   0x080001f0   0x00000002   Code   RO          323    .ARM.Collect$$libinit$$00000000  c_w.l(libinit.o)
    0x080001f2   0x080001f2   0x00000000   Code   RO          341    .ARM.Collect$$libinit$$00000002  c_w.l(libinit2.o)
    0x080001f2   0x080001f2   0x00000000   Code   RO          343    .ARM.Collect$$libinit$$00000004  c_w.l(libinit2.o)
    0x080001f2   0x080001f2   0x00000000   Code   RO          345    .ARM.Collect$$libinit$$00000006  c_w.l(libinit2.o)
    0x080001f2   0x080001f2   0x00000000   Code   RO          348    .ARM.Collect$$libinit$$0000000C  c_w.l(libinit2.o)
    0x080001f2   0x080001f2   0x00000000   Code   RO          350    .ARM.Collect$$libinit$$0000000E  c_w.l(libinit2.o)
    0x080001f2   0x080001f2   0x00000000   Code   RO          352    .ARM.Collect$$libinit$$00000010  c_w.l(libinit2.o)
    0x080001f2   0x080001f2   0x00000006   Code   RO          353    .ARM.Collect$$libinit$$00000011  c_w.l(libinit2.o)
    0x080001f8   0x080001f8   0x00000000   Code   RO          355    .ARM.Collect$$libinit$$00000013  c_w.l(libinit2.o)
    0x080001f8   0x080001f8   0x0000000c   Code   RO          356    .ARM.Collect$$libinit$$00000014  c_w.l(libinit2.o)
    0x08000204   0x08000204   0x00000000   Code   RO          357    .ARM.Collect$$libinit$$00000015  c_w.l(libinit2.o)
    0x08000204   0x08000204   0x00000000   Code   RO          359    .ARM.Collect$$libinit$$00000017  c_w.l(libinit2.o)
    0x08000204   0x08000204   0x0000000a   Code   RO          360    .ARM.Collect$$libinit$$00000018  c_w.l(libinit2.o)
    0x0800020e   0x0800020e   0x00000000   Code   RO          361    .ARM.Collect$$libinit$$00000019  c_w.l(libinit2.o)
    0x0800020e   0x0800020e   0x00000000   Code   RO          363    .ARM.Collect$$libinit$$0000001B  c_w.l(libinit2.o)
    0x0800020e   0x0800020e   0x00000000   Code   RO          365    .ARM.Collect$$libinit$$0000001D  c_w.l(libinit2.o)
    0x0800020e   0x0800020e   0x00000000   Code   RO          367    .ARM.Collect$$libinit$$0000001F  c_w.l(libinit2.o)
    0x0800020e   0x0800020e   0x00000000   Code   RO          369    .ARM.Collect$$libinit$$00000021  c_w.l(libinit2.o)
    0x0800020e   0x0800020e   0x00000000   Code   RO          371    .ARM.Collect$$libinit$$00000023  c_w.l(libinit2.o)
    0x0800020e   0x0800020e   0x00000000   Code   RO          373    .ARM.Collect$$libinit$$00000025  c_w.l(libinit2.o)
    0x0800020e   0x0800020e   0x00000000   Code   RO          375    .ARM.Collect$$libinit$$00000027  c_w.l(libinit2.o)
    0x0800020e   0x0800020e   0x00000000   Code   RO          379    .ARM.Collect$$libinit$$0000002E  c_w.l(libinit2.o)
    0x0800020e   0x0800020e   0x00000000   Code   RO          381    .ARM.Collect$$libinit$$00000030  c_w.l(libinit2.o)
    0x0800020e   0x0800020e   0x00000000   Code   RO          383    .ARM.Collect$$libinit$$00000032  c_w.l(libinit2.o)
    0x0800020e   0x0800020e   0x00000000   Code   RO          385    .ARM.Collect$$libinit$$00000034  c_w.l(libinit2.o)
    0x0800020e   0x0800020e   0x00000002   Code   RO          386    .ARM.Collect$$libinit$$00000035  c_w.l(libinit2.o)
    0x08000210   0x08000210   0x00000002   Code   RO          410    .ARM.Collect$$libshutdown$$00000000  c_w.l(libshutdown.o)
    0x08000212   0x08000212   0x00000000   Code   RO          425    .ARM.Collect$$libshutdown$$00000002  c_w.l(libshutdown2.o)
    0x08000212   0x08000212   0x00000000   Code   RO          427    .ARM.Collect$$libshutdown$$00000004  c_w.l(libshutdown2.o)
    0x08000212   0x08000212   0x00000000   Code   RO          430    .ARM.Collect$$libshutdown$$00000007  c_w.l(libshutdown2.o)
    0x08000212   0x08000212   0x00000000   Code   RO          433    .ARM.Collect$$libshutdown$$0000000A  c_w.l(libshutdown2.o)
    0x08000212   0x08000212   0x00000000   Code   RO          435    .ARM.Collect$$libshutdown$$0000000C  c_w.l(libshutdown2.o)
    0x08000212   0x08000212   0x00000000   Code   RO          438    .ARM.Collect$$libshutdown$$0000000F  c_w.l(libshutdown2.o)
    0x08000212   0x08000212   0x00000002   Code   RO          439    .ARM.Collect$$libshutdown$$00000010  c_w.l(libshutdown2.o)
    0x08000214   0x08000214   0x00000000   Code   RO          135    .ARM.Collect$$rtentry$$00000000  c_w.l(__rtentry.o)
    0x08000214   0x08000214   0x00000000   Code   RO          241    .ARM.Collect$$rtentry$$00000002  c_w.l(__rtentry2.o)
    0x08000214   0x08000214   0x00000006   Code   RO          253    .ARM.Collect$$rtentry$$00000004  c_w.l(__rtentry4.o)
    0x0800021a   0x0800021a   0x00000000   Code   RO          243    .ARM.Collect$$rtentry$$00000009  c_w.l(__rtentry2.o)
    0x0800021a   0x0800021a   0x00000004   Code   RO          244    .ARM.Collect$$rtentry$$0000000A  c_w.l(__rtentry2.o)
    0x0800021e   0x0800021e   0x00000000   Code   RO          246    .ARM.Collect$$rtentry$$0000000C  c_w.l(__rtentry2.o)
    0x0800021e   0x0800021e   0x00000008   Code   RO          247    .ARM.Collect$$rtentry$$0000000D  c_w.l(__rtentry2.o)
    0x08000226   0x08000226   0x00000002   Code   RO          331    .ARM.Collect$$rtexit$$00000000  c_w.l(rtexit.o)
    0x08000228   0x08000228   0x00000000   Code   RO          388    .ARM.Collect$$rtexit$$00000002  c_w.l(rtexit2.o)
    0x08000228   0x08000228   0x00000004   Code   RO          389    .ARM.Collect$$rtexit$$00000003  c_w.l(rtexit2.o)
    0x0800022c   0x0800022c   0x00000006   Code   RO          390    .ARM.Collect$$rtexit$$00000004  c_w.l(rtexit2.o)
    0x08000232   0x08000232   0x00000002   PAD
    0x08000234   0x08000234   0x00000040   Code   RO           80    .text               startup_stm32f10x_md.o
    0x08000274   0x08000274   0x0000002c   Code   RO          105    .text               c_w.l(sprintf.o)
    0x080002a0   0x080002a0   0x00000064   Code   RO          107    .text               c_w.l(rt_memcpy_w.o)
    0x08000304   0x08000304   0x00000006   Code   RO          109    .text               c_w.l(heapauxi.o)
    0x0800030a   0x0800030a   0x0000004e   Code   RO          138    .text               c_w.l(_printf_pad.o)
    0x08000358   0x08000358   0x00000024   Code   RO          140    .text               c_w.l(_printf_truncate.o)
    0x0800037c   0x0800037c   0x00000052   Code   RO          142    .text               c_w.l(_printf_str.o)
    0x080003ce   0x080003ce   0x00000002   PAD
    0x080003d0   0x080003d0   0x00000078   Code   RO          144    .text               c_w.l(_printf_dec.o)
    0x08000448   0x08000448   0x00000028   Code   RO          146    .text               c_w.l(_printf_charcount.o)
    0x08000470   0x08000470   0x00000030   Code   RO          148    .text               c_w.l(_printf_char_common.o)
    0x080004a0   0x080004a0   0x0000000a   Code   RO          150    .text               c_w.l(_sputc.o)
    0x080004aa   0x080004aa   0x00000002   PAD
    0x080004ac   0x080004ac   0x000000bc   Code   RO          152    .text               c_w.l(_printf_wctomb.o)
    0x08000568   0x08000568   0x0000007c   Code   RO          155    .text               c_w.l(_printf_longlong_dec.o)
    0x080005e4   0x080005e4   0x00000070   Code   RO          161    .text               c_w.l(_printf_oct_int_ll.o)
    0x08000654   0x08000654   0x00000094   Code   RO          181    .text               c_w.l(_printf_hex_int_ll_ptr.o)
    0x080006e8   0x080006e8   0x00000188   Code   RO          201    .text               c_w.l(__printf_flags_ss_wp.o)
    0x08000870   0x08000870   0x0000008a   Code   RO          255    .text               c_w.l(lludiv10.o)
    0x080008fa   0x080008fa   0x000000b2   Code   RO          257    .text               c_w.l(_printf_intcommon.o)
    0x080009ac   0x080009ac   0x0000041c   Code   RO          259    .text               c_w.l(_printf_fp_dec.o)
    0x08000dc8   0x08000dc8   0x000002fc   Code   RO          263    .text               c_w.l(_printf_fp_hex.o)
    0x080010c4   0x080010c4   0x0000002c   Code   RO          268    .text               c_w.l(_printf_char.o)
    0x080010f0   0x080010f0   0x0000002c   Code   RO          270    .text               c_w.l(_printf_wchar.o)
    0x0800111c   0x0800111c   0x00000048   Code   RO          273    .text               c_w.l(_c16rtomb.o)
    0x08001164   0x08001164   0x0000004a   Code   RO          275    .text               c_w.l(sys_stackheap_outer.o)
    0x080011ae   0x080011ae   0x00000002   PAD
    0x080011b0   0x080011b0   0x00000010   Code   RO          277    .text               c_w.l(rt_ctype_table.o)
    0x080011c0   0x080011c0   0x00000008   Code   RO          282    .text               c_w.l(rt_locale_intlibspace.o)
    0x080011c8   0x080011c8   0x00000080   Code   RO          284    .text               c_w.l(_printf_fp_infnan.o)
    0x08001248   0x08001248   0x000000e4   Code   RO          286    .text               c_w.l(bigflt0.o)
    0x0800132c   0x0800132c   0x00000012   Code   RO          316    .text               c_w.l(exit.o)
    0x0800133e   0x0800133e   0x00000002   PAD
    0x08001340   0x08001340   0x00000008   Code   RO          328    .text               c_w.l(libspace.o)
    0x08001348   0x08001348   0x00000080   Code   RO          338    .text               c_w.l(strcmpv7m.o)
    0x080013c8   0x080013c8   0x0000000c   Code   RO          400    .text               c_w.l(sys_exit.o)
    0x080013d4   0x080013d4   0x00000002   Code   RO          415    .text               c_w.l(use_no_semi.o)
    0x080013d6   0x080013d6   0x00000000   Code   RO          417    .text               c_w.l(indicate_semi.o)
    0x080013d6   0x080013d6   0x00000002   PAD
    0x080013d8   0x080013d8   0x00000008   Code   RO           89    .text.SetSysClock   system_stm32f10x.o
    0x080013e0   0x080013e0   0x00000122   Code   RO           93    .text.SetSysClockTo72  system_stm32f10x.o
    0x08001502   0x08001502   0x00000002   PAD
    0x08001504   0x08001504   0x00000066   Code   RO           87    .text.SystemInit    system_stm32f10x.o
    0x0800156a   0x0800156a   0x00000002   PAD
    0x0800156c   0x0800156c   0x00000022   Code   RO           32    .text.clearOutput   projetinho_tecladinho.o
    0x0800158e   0x0800158e   0x00000002   PAD
    0x08001590   0x08001590   0x0000004c   Code   RO            6    .text.delay_ms      projetinho_tecladinho.o
    0x080015dc   0x080015dc   0x00000048   Code   RO            4    .text.delay_us      projetinho_tecladinho.o
    0x08001624   0x08001624   0x000000aa   Code   RO            8    .text.getPSC        projetinho_tecladinho.o
    0x080016ce   0x080016ce   0x00000002   PAD
    0x080016d0   0x080016d0   0x00000066   Code   RO            2    .text.handleAnal_Input  projetinho_tecladinho.o
    0x08001736   0x08001736   0x00000002   PAD
    0x08001738   0x08001738   0x00000078   Code   RO           40    .text.handleGPIO_A  projetinho_tecladinho.o
    0x080017b0   0x080017b0   0x0000026e   Code   RO           42    .text.handleGPIO_B  projetinho_tecladinho.o
    0x08001a1e   0x08001a1e   0x00000002   PAD
    0x08001a20   0x08001a20   0x00000072   Code   RO           44    .text.handleGPIO_C  projetinho_tecladinho.o
    0x08001a92   0x08001a92   0x00000002   PAD
    0x08001a94   0x08001a94   0x00000032   Code   RO           36    .text.initializeADC  projetinho_tecladinho.o
    0x08001ac6   0x08001ac6   0x00000002   PAD
    0x08001ac8   0x08001ac8   0x00000066   Code   RO           38    .text.initializeGPIOs  projetinho_tecladinho.o
    0x08001b2e   0x08001b2e   0x00000002   PAD
    0x08001b30   0x08001b30   0x00000052   Code   RO           34    .text.initializePWM  projetinho_tecladinho.o
    0x08001b82   0x08001b82   0x00000002   PAD
    0x08001b84   0x08001b84   0x00000024   Code   RO           22    .text.lcd_command   projetinho_tecladinho.o
    0x08001ba8   0x08001ba8   0x00000024   Code   RO           24    .text.lcd_data      projetinho_tecladinho.o
    0x08001bcc   0x08001bcc   0x00000070   Code   RO           28    .text.lcd_init      projetinho_tecladinho.o
    0x08001c3c   0x08001c3c   0x00000036   Code   RO           26    .text.lcd_print     projetinho_tecladinho.o
    0x08001c72   0x08001c72   0x00000002   PAD
    0x08001c74   0x08001c74   0x000000fa   Code   RO           20    .text.lcd_putValue  projetinho_tecladinho.o
    0x08001d6e   0x08001d6e   0x00000002   PAD
    0x08001d70   0x08001d70   0x00000074   Code   RO           46    .text.main          projetinho_tecladinho.o
    0x08001de4   0x08001de4   0x00000078   Code   RO           10    .text.play          projetinho_tecladinho.o
    0x08001e5c   0x08001e5c   0x0000010c   Code   RO           16    .text.playIndianaJones  projetinho_tecladinho.o
    0x08001f68   0x08001f68   0x0000015a   Code   RO           18    .text.playJojo      projetinho_tecladinho.o
    0x080020c2   0x080020c2   0x00000002   PAD
    0x080020c4   0x080020c4   0x000001ac   Code   RO           14    .text.playRickAstley  projetinho_tecladinho.o
    0x08002270   0x08002270   0x000000e8   Code   RO           12    .text.playStarWars  projetinho_tecladinho.o
    0x08002358   0x08002358   0x00000062   Code   RO           30    .text.printHUD      projetinho_tecladinho.o
    0x080023ba   0x080023ba   0x0000003e   Code   RO          289    CL$$btod_d2e        c_w.l(btod.o)
    0x080023f8   0x080023f8   0x00000046   Code   RO          291    CL$$btod_d2e_denorm_low  c_w.l(btod.o)
    0x0800243e   0x0800243e   0x00000060   Code   RO          290    CL$$btod_d2e_norm_op1  c_w.l(btod.o)
    0x0800249e   0x0800249e   0x00000002   PAD
    0x080024a0   0x080024a0   0x00000338   Code   RO          299    CL$$btod_div_common  c_w.l(btod.o)
    0x080027d8   0x080027d8   0x000000dc   Code   RO          296    CL$$btod_e2e        c_w.l(btod.o)
    0x080028b4   0x080028b4   0x0000002a   Code   RO          293    CL$$btod_ediv       c_w.l(btod.o)
    0x080028de   0x080028de   0x0000002a   Code   RO          292    CL$$btod_emul       c_w.l(btod.o)
    0x08002908   0x08002908   0x00000244   Code   RO          298    CL$$btod_mult_common  c_w.l(btod.o)
    0x08002b4c   0x08002b4c   0x00000028   Code   RO          326    i.__ARM_fpclassify  m_ws.l(fpclassify.o)
    0x08002b74   0x08002b74   0x0000000e   Code   RO          194    i._is_digit         c_w.l(__printf_wp.o)
    0x08002b82   0x08002b82   0x00000002   PAD
    0x08002b84   0x08002b84   0x0000002c   Code   RO          314    locale$$code        c_w.l(lc_numeric_c.o)
    0x08002bb0   0x08002bb0   0x0000002c   Code   RO          336    locale$$code        c_w.l(lc_ctype_c.o)
    0x08002bdc   0x08002bdc   0x00000150   Code   RO          113    x$fpl$dadd          fz_ws.l(daddsub_clz.o)
    0x08002d2c   0x08002d2c   0x000002b4   Code   RO          120    x$fpl$ddiv          fz_ws.l(ddiv.o)
    0x08002fe0   0x08002fe0   0x0000005e   Code   RO          123    x$fpl$dfix          fz_ws.l(dfix.o)
    0x0800303e   0x0800303e   0x0000002e   Code   RO          128    x$fpl$dflt          fz_ws.l(dflt_clz.o)
    0x0800306c   0x0800306c   0x00000026   Code   RO          127    x$fpl$dfltu         fz_ws.l(dflt_clz.o)
    0x08003092   0x08003092   0x00000002   PAD
    0x08003094   0x08003094   0x00000154   Code   RO          133    x$fpl$dmul          fz_ws.l(dmul.o)
    0x080031e8   0x080031e8   0x0000009c   Code   RO          227    x$fpl$dnaninf       fz_ws.l(dnaninf.o)
    0x08003284   0x08003284   0x0000000c   Code   RO          229    x$fpl$dretinf       fz_ws.l(dretinf.o)
    0x08003290   0x08003290   0x000001dc   Code   RO          115    x$fpl$dsub          fz_ws.l(daddsub_clz.o)
    0x0800346c   0x0800346c   0x00000004   Code   RO          231    x$fpl$printf1       fz_ws.l(printf1.o)
    0x08003470   0x08003470   0x00000004   Code   RO          233    x$fpl$printf2       fz_ws.l(printf2.o)
    0x08003474   0x08003474   0x00000000   Code   RO          239    x$fpl$usenofp       fz_ws.l(usenofp.o)
    0x08003474   0x08003474   0x00000008   Data   RO          153    .constdata          c_w.l(_printf_wctomb.o)
    0x0800347c   0x0800347c   0x00000028   Data   RO          182    .constdata          c_w.l(_printf_hex_int_ll_ptr.o)
    0x080034a4   0x080034a4   0x00000011   Data   RO          202    .constdata          c_w.l(__printf_flags_ss_wp.o)
    0x080034b5   0x080034b5   0x00000026   Data   RO          264    .constdata          c_w.l(_printf_fp_hex.o)
    0x080034db   0x080034db   0x00000001   PAD
    0x080034dc   0x080034dc   0x00000094   Data   RO          287    .constdata          c_w.l(bigflt0.o)
    0x08003570   0x08003570   0x00000060   Data   RO           53    .rodata..L__const.getPSC.notesFirstOctave  projetinho_tecladinho.o
    0x080035d0   0x080035d0   0x00000017   Data   RO           54    .rodata.str1.1      projetinho_tecladinho.o
    0x080035e7   0x080035e7   0x00000001   PAD
    0x080035e8   0x080035e8   0x00000020   Data   RO          473    Region$$Table       anon$$obj.o
    0x08003608   0x08003608   0x0000001c   Data   RO          313    locale$$data        c_w.l(lc_numeric_c.o)
    0x08003624   0x08003624   0x00000110   Data   RO          335    locale$$data        c_w.l(lc_ctype_c.o)


    Execution Region RW_IRAM1 (Exec base: 0x20000000, Load base: 0x08003738, Size: 0x00000678, Max: 0x00005000, ABSOLUTE)

    Exec Addr    Load Addr    Size         Type   Attr      Idx    E Section Name        Object

    0x20000000   0x08003738   0x00000004   Data   RW           95    .data.SystemCoreClock  system_stm32f10x.o
    0x20000004   0x0800373c   0x00000004   Data   RW           49    .data.currentCycle  projetinho_tecladinho.o
    0x20000008   0x08003740   0x00000008   Data   RW           52    .data.currentFrequencyMultiplier  projetinho_tecladinho.o
    0x20000010   0x08003748   0x00000004   Data   RW           48    .data.currentOctave  projetinho_tecladinho.o
    0x20000014   0x0800374c   0x00000004   Data   RW           51    .data.currentSong   projetinho_tecladinho.o
    0x20000018        -       0x00000060   Zero   RW          329    .bss                c_w.l(libspace.o)
    0x20000078        -       0x00000200   Zero   RW           78    HEAP                startup_stm32f10x_md.o
    0x20000278        -       0x00000400   Zero   RW           77    STACK               startup_stm32f10x_md.o


==============================================================================

Image component sizes


      Code (inc. data)   RO Data    RW Data    ZI Data      Debug   Object Name

      3640          4        119         20          0       7374   projetinho_tecladinho.o
        64         26        236          0       1536        832   startup_stm32f10x_md.o
       400          0          0          4          0       2857   system_stm32f10x.o

    ----------------------------------------------------------------------
      4130         30        388         24       1536      11063   Object Totals
         0          0         32          0          0          0   (incl. Generated)
        26          0          1          0          0          0   (incl. Padding)

    ----------------------------------------------------------------------

      Code (inc. data)   RO Data    RW Data    ZI Data      Debug   Library Member Name

         8          0          0          0          0         68   __main.o
       392          4         17          0          0         92   __printf_flags_ss_wp.o
        14          0          0          0          0         68   __printf_wp.o
         0          0          0          0          0          0   __rtentry.o
        12          0          0          0          0          0   __rtentry2.o
         6          0          0          0          0          0   __rtentry4.o
        52          8          0          0          0          0   __scatter.o
        26          0          0          0          0          0   __scatter_copy.o
        28          0          0          0          0          0   __scatter_zi.o
        72          0          0          0          0         96   _c16rtomb.o
         6          0          0          0          0          0   _printf_a.o
         6          0          0          0          0          0   _printf_c.o
        44          0          0          0          0        108   _printf_char.o
        48          6          0          0          0         96   _printf_char_common.o
        40          0          0          0          0         68   _printf_charcount.o
         6          0          0          0          0          0   _printf_d.o
       120         16          0          0          0         92   _printf_dec.o
         6          0          0          0          0          0   _printf_e.o
         6          0          0          0          0          0   _printf_f.o
      1052          0          0          0          0        148   _printf_fp_dec.o
       764          8         38          0          0        100   _printf_fp_hex.o
       128         16          0          0          0         84   _printf_fp_infnan.o
         6          0          0          0          0          0   _printf_g.o
       148          4         40          0          0        160   _printf_hex_int_ll_ptr.o
         6          0          0          0          0          0   _printf_i.o
       178          0          0          0          0         88   _printf_intcommon.o
        10          0          0          0          0          0   _printf_l.o
         6          0          0          0          0          0   _printf_lc.o
        10          0          0          0          0          0   _printf_ll.o
         6          0          0          0          0          0   _printf_lld.o
         6          0          0          0          0          0   _printf_lli.o
         6          0          0          0          0          0   _printf_llo.o
         6          0          0          0          0          0   _printf_llu.o
         6          0          0          0          0          0   _printf_llx.o
       124         16          0          0          0         92   _printf_longlong_dec.o
         6          0          0          0          0          0   _printf_ls.o
         6          0          0          0          0          0   _printf_n.o
         6          0          0          0          0          0   _printf_o.o
       112          8          0          0          0        124   _printf_oct_int_ll.o
         6          0          0          0          0          0   _printf_p.o
        78          0          0          0          0        108   _printf_pad.o
         0          0          0          0          0          0   _printf_percent.o
         4          0          0          0          0          0   _printf_percent_end.o
         6          0          0          0          0          0   _printf_s.o
        82          0          0          0          0         80   _printf_str.o
        36          0          0          0          0         84   _printf_truncate.o
         6          0          0          0          0          0   _printf_u.o
        44          0          0          0          0        108   _printf_wchar.o
       188          6          8          0          0         92   _printf_wctomb.o
         6          0          0          0          0          0   _printf_x.o
        10          0          0          0          0         68   _sputc.o
       228          4        148          0          0         96   bigflt0.o
      1936        128          0          0          0        668   btod.o
        18          0          0          0          0         80   exit.o
         6          0          0          0          0        152   heapauxi.o
         0          0          0          0          0          0   indicate_semi.o
        44         10        272          0          0         76   lc_ctype_c.o
        44         10         28          0          0         76   lc_numeric_c.o
         2          0          0          0          0          0   libinit.o
        30          0          0          0          0          0   libinit2.o
         2          0          0          0          0          0   libshutdown.o
         2          0          0          0          0          0   libshutdown2.o
         8          4          0          0         96         68   libspace.o
       138          0          0          0          0         80   lludiv10.o
        16          4          0          0          0         76   rt_ctype_table.o
         8          4          0          0          0         68   rt_locale_intlibspace.o
       100          0          0          0          0         80   rt_memcpy_w.o
         2          0          0          0          0          0   rtexit.o
        10          0          0          0          0          0   rtexit2.o
        44          6          0          0          0         84   sprintf.o
       128          0          0          0          0         68   strcmpv7m.o
        12          4          0          0          0         68   sys_exit.o
        74          0          0          0          0         80   sys_stackheap_outer.o
         2          0          0          0          0         68   use_no_semi.o
       812         16          0          0          0        296   daddsub_clz.o
       692        140          0          0          0        216   ddiv.o
        94          4          0          0          0         92   dfix.o
        84          0          0          0          0        136   dflt_clz.o
       340         12          0          0          0        104   dmul.o
       156          4          0          0          0         92   dnaninf.o
        12          0          0          0          0         68   dretinf.o
         4          0          0          0          0         68   printf1.o
         4          0          0          0          0         68   printf2.o
         0          0          0          0          0          0   usenofp.o
        40          0          0          0          0         68   fpclassify.o

    ----------------------------------------------------------------------
      9062        442        552          0         96       5120   Library Totals
        20          0          1          0          0          0   (incl. Padding)

    ----------------------------------------------------------------------

      Code (inc. data)   RO Data    RW Data    ZI Data      Debug   Library Name

      6804        266        551          0         96       3912   c_w.l
      2198        176          0          0          0       1140   fz_ws.l
        40          0          0          0          0         68   m_ws.l

    ----------------------------------------------------------------------
      9062        442        552          0         96       5120   Library Totals

    ----------------------------------------------------------------------

==============================================================================


      Code (inc. data)   RO Data    RW Data    ZI Data      Debug   

     13192        472        940         24       1632      13507   Grand Totals
     13192        472        940         24       1632      13507   ELF Image Totals
     13192        472        940         24          0          0   ROM Totals

==============================================================================

    Total RO  Size (Code + RO Data)                14132 (  13.80kB)
    Total RW  Size (RW Data + ZI Data)              1656 (   1.62kB)
    Total ROM Size (Code + RO Data + RW Data)      14156 (  13.82kB)

==============================================================================

